###############################################################################
#
# IAR ELF Linker V8.11.3.13950/W32 for ARM                28/Jul/2021  22:46:16
# Copyright 2007-2017 IAR Systems AB.
#
#    Output file  =  C:\ee474labs\lab4\task1b\Debug\Exe\task1b.out
#    Map file     =  C:\ee474labs\lab4\task1b\Debug\List\task1b.map
#    Command line =  
#        -f C:\Users\Study\AppData\Local\Temp\EW8F7B.tmp
#        (C:\ee474labs\lab4\task1b\Debug\Obj\cstartup_M.o
#        C:\ee474labs\lab4\task1b\Debug\Obj\Lab3_Inits.o
#        C:\ee474labs\lab4\task1b\Debug\Obj\Lab4_Task1b.o
#        C:\ee474labs\lab4\task1b\Debug\Obj\SSD2119_Display.o -o
#        C:\ee474labs\lab4\task1b\Debug\Exe\task1b.out --redirect
#        _Printf=_PrintfFullNoMb --redirect _Scanf=_ScanfFullNoMb --map
#        C:\ee474labs\lab4\task1b\Debug\List\task1b.map --config "C:\Program
#        Files (x86)\IAR Systems\Embedded Workbench
#        8.0\arm\config\linker\TexasInstruments\TM4C1294NC.icf" --semihosting
#        --entry __iar_program_start --vfe --text_out locale)
#
###############################################################################

*******************************************************************************
*** RUNTIME MODEL ATTRIBUTES
***

CppFlavor       = *
__SystemLibrary = DLib
__dlib_version  = 6


*******************************************************************************
*** HEAP SELECTION
***

The basic heap was selected because some modules are built with
size limitations (and not runtime checking), and --advanced_heap
was not specified.


*******************************************************************************
*** PLACEMENT SUMMARY
***

"A0":  place at 0x00000000 { ro section .intvec };
"P1":  place in [from 0x00000000 to 0x000fffff] { ro };
define block CSTACK with size = 32K, alignment = 8 { };
define block HEAP with size = 64K, alignment = 8 { };
"P2":  place in [from 0x20000000 to 0x2003ffff] {
          rw, block CSTACK, block HEAP };

  Section          Kind        Address    Size  Object
  -------          ----        -------    ----  ------
"A0":                                    0x110
  .intvec          const    0x00000000   0x110  cstartup_M.o [1]
                          - 0x00000110   0x110

"P1":                                   0x2a98
  .text            ro code  0x00000110   0xdd6  xprintffull_nomb.o [3]
  .text            ro code  0x00000ee6     0xa  xsprout.o [3]
  .text            ro code  0x00000ef0    0x16  strchr.o [5]
  .text            ro code  0x00000f06     0x2  cstartup_M.o [1]
  .text            ro code  0x00000f08    0x44  xfail_s.o [3]
  .text            ro code  0x00000f4c    0x36  strlen.o [5]
  .text            ro code  0x00000f82     0x2  cstartup_M.o [1]
  .text            ro code  0x00000f84    0x58  memchr.o [5]
  .text            ro code  0x00000fdc    0xee  I64DivMod.o [5]
  .text            ro code  0x000010ca     0x2  cstartup_M.o [1]
  .text            ro code  0x000010cc   0x1a2  DblMul.o [4]
  .text            ro code  0x0000126e     0x2  cstartup_M.o [1]
  .text            ro code  0x00001270    0x76  ABImemcpy_unaligned.o [5]
  .text            ro code  0x000012e6     0x2  cstartup_M.o [1]
  .text            ro code  0x000012e8    0x70  frexp.o [4]
  .text            ro code  0x00001358    0x2e  DblCmpLe.o [4]
  .text            ro code  0x00001386     0x2  cstartup_M.o [1]
  .text            ro code  0x00001388    0x2e  DblCmpGe.o [4]
  .text            ro code  0x000013b6     0x2  cstartup_M.o [1]
  .text            ro code  0x000013b8   0x13a  ldexp.o [4]
  .text            ro code  0x000014f2     0x2  cstartup_M.o [1]
  .text            ro code  0x000014f4    0x3a  DblToS32.o [4]
  .text            ro code  0x0000152e     0x2  cstartup_M.o [1]
  .text            ro code  0x00001530    0x22  S32ToDbl.o [4]
  .text            ro code  0x00001554    0xe2  DblSub.o [4]
  .text            ro code  0x00001638   0x246  DblDiv.o [4]
  .text            ro code  0x00001880    0x28  DblToU32.o [4]
  .text            ro code  0x000018a8    0x1a  U32ToDbl.o [4]
  .text            ro code  0x000018c2     0x6  abort.o [3]
  .text            ro code  0x000018c8     0x2  I64DivZer.o [5]
  .text            ro code  0x000018cc   0x168  DblAdd.o [4]
  .text            ro code  0x00001a34    0x14  exit.o [6]
  .text            ro code  0x00001a48   0x8ac  SSD2119_Display.o [1]
  .text            ro code  0x000022f4    0x48  FltToDbl.o [4]
  .text            ro code  0x0000233c    0x40  sprintf.o [3]
  .text            ro code  0x0000237c   0x33c  Lab3_Inits.o [1]
  .rodata          const    0x000026b8   0x1e0  SSD2119_Display.o [1]
  .text            ro code  0x00002898   0x178  Lab4_Task1b.o [1]
  .text            ro code  0x00002a10    0x68  DblToFlt.o [4]
  .text            ro code  0x00002a78    0x40  zero_init3.o [5]
  .text            ro code  0x00002ab8    0x28  data_init.o [5]
  .text            ro code  0x00002ae0    0x22  fpinit_M.o [4]
  .iar.init_table  const    0x00002b04    0x10  - Linker created -
  .rodata          const    0x00002b14    0x20  Lab4_Task1b.o [1]
  .rodata          const    0x00002b34    0x1c  Lab4_Task1b.o [1]
  .text            ro code  0x00002b50    0x1a  cmain.o [5]
  .text            ro code  0x00002b6a     0x4  low_level_init.o [3]
  .text            ro code  0x00002b6e     0x4  exit.o [3]
  .text            ro code  0x00002b74     0xa  cexit.o [5]
  .text            ro code  0x00002b7e    0x10  cstartup_M.o [1]
  .rodata          const    0x00002b90     0x8  Lab4_Task1b.o [1]
  .rodata          const    0x00002b98     0x8  Lab4_Task1b.o [1]
  .rodata          const    0x00002ba0     0x8  Lab4_Task1b.o [1]
  .rodata          const    0x00002ba8     0x0  zero_init3.o [5]
                          - 0x00002ba8  0x2a98

"P2", part 1 of 2:                        0x14
  .bss             zero     0x20000000     0x4  Lab4_Task1b.o [1]
  .bss             zero     0x20000004     0x4  Lab4_Task1b.o [1]
  .bss             zero     0x20000008     0x4  xfail_s.o [3]
  .bss             zero     0x2000000c     0x2  SSD2119_Display.o [1]
  .bss             zero     0x2000000e     0x2  SSD2119_Display.o [1]
  .bss             zero     0x20000010     0x2  SSD2119_Display.o [1]
  .bss             zero     0x20000012     0x1  Lab4_Task1b.o [1]
                          - 0x20000013    0x13

"P2", part 2 of 2:                      0x8000
  CSTACK                    0x20000018  0x8000  <Block>
    CSTACK         uninit   0x20000018  0x8000  <Block tail>
                          - 0x20008018  0x8000


*******************************************************************************
*** INIT TABLE
***

          Address     Size
          -------     ----
Zero (__iar_zero_init3)
    1 destination range, total size 0x13:
          0x20000000  0x13



*******************************************************************************
*** MODULE SUMMARY
***

    Module                 ro code  ro data  rw data
    ------                 -------  -------  -------
C:\ee474labs\lab4\task1b\Debug\Obj: [1]
    Lab3_Inits.o               828
    Lab4_Task1b.o              376       84        9
    SSD2119_Display.o        2 220      480        6
    cstartup_M.o                34      272
    ------------------------------------------------
    Total:                   3 458      836       15

command line: [2]
    ------------------------------------------------
    Total:

dl7M_tln.a: [3]
    abort.o                      6
    exit.o                       4
    low_level_init.o             4
    sprintf.o                   64
    xfail_s.o                   68                 4
    xprintffull_nomb.o       3 542
    xsprout.o                   10
    ------------------------------------------------
    Total:                   3 698                 4

m7M_tls.a: [4]
    DblAdd.o                   360
    DblCmpGe.o                  46
    DblCmpLe.o                  46
    DblDiv.o                   582
    DblMul.o                   418
    DblSub.o                   226
    DblToFlt.o                 104
    DblToS32.o                  58
    DblToU32.o                  40
    FltToDbl.o                  72
    S32ToDbl.o                  34
    U32ToDbl.o                  26
    fpinit_M.o                  34
    frexp.o                    112
    ldexp.o                    314
    ------------------------------------------------
    Total:                   2 472

rt7M_tl.a: [5]
    ABImemcpy_unaligned.o      118
    I64DivMod.o                238
    I64DivZer.o                  2
    cexit.o                     10
    cmain.o                     26
    data_init.o                 40
    memchr.o                    88
    strchr.o                    22
    strlen.o                    54
    zero_init3.o                64
    ------------------------------------------------
    Total:                     662

shb_l.a: [6]
    exit.o                      20
    ------------------------------------------------
    Total:                      20

    Gaps                        10        4
    Linker created                       16   32 768
----------------------------------------------------
    Grand Total:            10 320      856   32 787


*******************************************************************************
*** ENTRY LIST
***

Entry                      Address   Size  Type      Object
-----                      -------   ----  ----      ------
.iar.init_table$$Base   0x00002b04          --   Gb  - Linker created -
.iar.init_table$$Limit  0x00002b14          --   Gb  - Linker created -
?main                   0x00002b51         Code  Gb  cmain.o [5]
ADC0SS3_Handler         0x00002973   0x20  Code  Gb  Lab4_Task1b.o [1]
ADCReadPot_Init         0x00002555   0x88  Code  Gb  Lab3_Inits.o [1]
ADC_value               0x20000000    0x4  Data  Gb  Lab4_Task1b.o [1]
ASCII                   0x000026b8  0x1e0  Data  Lc  SSD2119_Display.o [1]
CSTACK$$Base            0x20000018          --   Gb  - Linker created -
CSTACK$$Limit           0x20008018          --   Gb  - Linker created -
LCD_DrawPixel           0x000022ad   0x34  Code  Gb  SSD2119_Display.o [1]
LCD_GPIOInit            0x00001a49  0x19c  Code  Lc  SSD2119_Display.o [1]
LCD_Init                0x00001edd  0x1a2  Code  Gb  SSD2119_Display.o [1]
LCD_PrintChar           0x0000209f   0xd0  Code  Gb  SSD2119_Display.o [1]
LCD_PrintFloat          0x0000220d   0x1e  Code  Gb  SSD2119_Display.o [1]
LCD_PrintInteger        0x000021ad   0x60  Code  Gb  SSD2119_Display.o [1]
LCD_PrintString         0x0000216f   0x1c  Code  Gb  SSD2119_Display.o [1]
LCD_SetCursor           0x0000218b    0xe  Code  Gb  SSD2119_Display.o [1]
LCD_SetTextColor        0x00002199   0x14  Code  Gb  SSD2119_Display.o [1]
LCD_WriteCommand        0x00001be5  0x15a  Code  Lc  SSD2119_Display.o [1]
LCD_WriteData           0x00001d3f  0x19e  Code  Lc  SSD2119_Display.o [1]
LoadInt                 0x000002af   0x7a  Code  Lc  xprintffull_nomb.o [3]
PLL_Init                0x0000237d  0x150  Code  Gb  Lab3_Inits.o [1]
PortJ_Handler           0x00002993   0x3c  Code  Gb  Lab4_Task1b.o [1]
Region$$Table$$Base     0x00002b04          --   Gb  - Linker created -
Region$$Table$$Limit    0x00002b14          --   Gb  - Linker created -
SW_Init                 0x000024cd   0x88  Code  Gb  Lab3_Inits.o [1]
TimerADCTriger_Init     0x000025dd   0x56  Code  Gb  Lab3_Inits.o [1]
_GenldFullNoMb          0x00000c13  0x248  Code  Lc  xprintffull_nomb.o [3]
_LdtobFullNoMb          0x000007f7  0x3f0  Code  Lc  xprintffull_nomb.o [3]
_LitobFullNoMb          0x0000069b  0x116  Code  Lc  xprintffull_nomb.o [3]
_PrintfFullNoMb         0x00000111  0x190  Code  Gb  xprintffull_nomb.o [3]
_PutcharsFullNoMb       0x00000e5b   0x2e  Code  Lc  xprintffull_nomb.o [3]
_PutfldFullNoMb         0x00000329  0x264  Code  Lc  xprintffull_nomb.o [3]
_PuttxtFullNoMb         0x0000058d  0x10e  Code  Lc  xprintffull_nomb.o [3]
_SProut                 0x00000ee7    0xa  Code  Gb  xsprout.o [3]
__aeabi_cdcmple         0x00001359         Code  Gb  DblCmpLe.o [4]
__aeabi_cdrcmple        0x00001389         Code  Gb  DblCmpGe.o [4]
__aeabi_d2f             0x00002a11         Code  Gb  DblToFlt.o [4]
__aeabi_d2iz            0x000014f5         Code  Gb  DblToS32.o [4]
__aeabi_d2uiz           0x00001881         Code  Gb  DblToU32.o [4]
__aeabi_ddiv            0x00001639         Code  Gb  DblDiv.o [4]
__aeabi_dmul            0x000010cd         Code  Gb  DblMul.o [4]
__aeabi_dsub            0x00001555         Code  Gb  DblSub.o [4]
__aeabi_f2d             0x000022f5         Code  Gb  FltToDbl.o [4]
__aeabi_i2d             0x00001531         Code  Gb  S32ToDbl.o [4]
__aeabi_ldiv0           0x000018c9         Code  Gb  I64DivZer.o [5]
__aeabi_ui2d            0x000018a9         Code  Gb  U32ToDbl.o [4]
__aeabi_uldivmod        0x00000fdd         Code  Gb  I64DivMod.o [5]
__cmain                 0x00002b51         Code  Gb  cmain.o [5]
__exit                  0x00001a35   0x14  Code  Gb  exit.o [6]
__iar_Fail_s            0x00000f09   0x1e  Code  Gb  xfail_s.o [3]
__iar_Memchr            0x00000f85         Code  Gb  memchr.o [5]
__iar_Strchr            0x00000ef1         Code  Gb  strchr.o [5]
__iar_dadd              0x00001565         Code  Gb  DblSub.o [4]
__iar_data_init3        0x00002ab9   0x28  Code  Gb  data_init.o [5]
__iar_dsub              0x000018cd         Code  Gb  DblAdd.o [4]
__iar_dsubStart         0x000018df         Code  Gb  DblAdd.o [4]
__iar_frexp             0x000012f5         Code  Gb  frexp.o [4]
__iar_frexpl            0x000012f5         Code  Gb  frexp.o [4]
__iar_init_vfp          0x00002ae1         Code  Gb  fpinit_M.o [4]
__iar_ldexp64           0x000013b9         Code  Gb  ldexp.o [4]
__iar_program_start     0x00002b7f   0x10  Code  Gb  cstartup_M.o [1]
__iar_scalbln64         0x000013b9         Code  Gb  ldexp.o [4]
__iar_scalbn64          0x000013b9         Code  Gb  ldexp.o [4]
__iar_softfp___iar_frexp64
                        0x000012e9         Code  Gb  frexp.o [4]
__iar_softfp_frexp      0x000012e9         Code  Gb  frexp.o [4]
__iar_softfp_frexpl     0x000012e9         Code  Gb  frexp.o [4]
__iar_systems$$module {Abs}
                        0x00000001         Data  Gb  command line/config [2]
__iar_unaligned_memcpy  0x00001271         Code  Gb  ABImemcpy_unaligned.o [5]
__iar_unaligned_memcpy4
                        0x00001291         Code  Gb  ABImemcpy_unaligned.o [5]
__iar_unaligned_memcpy8
                        0x00001291         Code  Gb  ABImemcpy_unaligned.o [5]
__iar_zero_init3        0x00002a79   0x40  Code  Gb  zero_init3.o [5]
__low_level_init        0x00002b6b    0x4  Code  Gb  low_level_init.o [3]
__vector_table          0x00000000  0x110  Data  Gb  cstartup_M.o [1]
_call_main              0x00002b5d         Code  Gb  cmain.o [5]
_exit                   0x00002b75         Code  Gb  cexit.o [5]
_main                   0x00002b67         Code  Gb  cmain.o [5]
abort                   0x000018c3    0x6  Code  Gb  abort.o [3]
convertColor            0x0000207f   0x20  Code  Gb  SSD2119_Display.o [1]
cursorX                 0x2000000c    0x2  Data  Gb  SSD2119_Display.o [1]
cursorY                 0x2000000e    0x2  Data  Gb  SSD2119_Display.o [1]
exit                    0x00002b6f    0x4  Code  Gb  exit.o [3]
freq                    0x20000012    0x1  Data  Gb  Lab4_Task1b.o [1]
ldexp                   0x000013b9         Code  Gb  ldexp.o [4]
ldexpl                  0x000013b9         Code  Gb  ldexp.o [4]
main                    0x00002899   0xda  Code  Gb  Lab4_Task1b.o [1]
memchr                  0x00000f85         Code  Gb  memchr.o [5]
scalbln                 0x000013b9         Code  Gb  ldexp.o [4]
scalblnl                0x000013b9         Code  Gb  ldexp.o [4]
scalbn                  0x000013b9         Code  Gb  ldexp.o [4]
scalbnl                 0x000013b9         Code  Gb  ldexp.o [4]
scale                   0x000007b1   0x46  Code  Lc  xprintffull_nomb.o [3]
sec_hand                0x20000008    0x4  Data  Lc  xfail_s.o [3]
sprintf                 0x0000233d   0x40  Code  Gb  sprintf.o [3]
strchr                  0x00000ef1         Code  Gb  strchr.o [5]
strlen                  0x00000f4d         Code  Gb  strlen.o [5]
textColor               0x20000010    0x2  Data  Gb  SSD2119_Display.o [1]
updateTemp              0x20000004    0x4  Data  Gb  Lab4_Task1b.o [1]


[1] = C:\ee474labs\lab4\task1b\Debug\Obj
[2] = command line
[3] = dl7M_tln.a
[4] = m7M_tls.a
[5] = rt7M_tl.a
[6] = shb_l.a

  10 320 bytes of readonly  code memory
     856 bytes of readonly  data memory
  32 787 bytes of readwrite data memory

Errors: none
Warnings: none
