###############################################################################
#
# IAR ELF Linker V8.11.3.13950/W32 for ARM                20/Jul/2021  15:47:00
# Copyright 2007-2017 IAR Systems AB.
#
#    Output file  =  C:\ee474labs\lab3\task1a\Debug\Exe\task1a.out
#    Map file     =  C:\ee474labs\lab3\task1a\Debug\List\task1a.map
#    Command line =  
#        -f C:\Users\Study\AppData\Local\Temp\EWB8E0.tmp
#        (C:\ee474labs\lab3\task1a\Debug\Obj\cstartup_M.o
#        C:\ee474labs\lab3\task1a\Debug\Obj\Lab3_Inits.o
#        C:\ee474labs\lab3\task1a\Debug\Obj\Lab3_Task1a.o -o
#        C:\ee474labs\lab3\task1a\Debug\Exe\task1a.out --redirect
#        _Printf=_PrintfFullNoMb --redirect _Scanf=_ScanfFullNoMb --map
#        C:\ee474labs\lab3\task1a\Debug\List\task1a.map --config "C:\Program
#        Files (x86)\IAR Systems\Embedded Workbench
#        8.0\arm\config\linker\TexasInstruments\TM4C1294NC.icf" --semihosting
#        --entry __iar_program_start --vfe --text_out locale)
#
###############################################################################

*******************************************************************************
*** RUNTIME MODEL ATTRIBUTES
***

CppFlavor       = *
__SystemLibrary = DLib
__dlib_version  = 6


*******************************************************************************
*** HEAP SELECTION
***

The basic heap was selected because some modules are built with
size limitations (and not runtime checking), and --advanced_heap
was not specified.


*******************************************************************************
*** PLACEMENT SUMMARY
***

"A0":  place at 0x00000000 { ro section .intvec };
"P1":  place in [from 0x00000000 to 0x000fffff] { ro };
define block CSTACK with size = 32K, alignment = 8 { };
define block HEAP with size = 64K, alignment = 8 { };
"P2":  place in [from 0x20000000 to 0x2003ffff] {
          rw, block CSTACK, block HEAP };

  Section          Kind        Address    Size  Object
  -------          ----        -------    ----  ------
"A0":                                    0x208
  .intvec          const    0x00000000   0x208  cstartup_M.o [1]
                          - 0x00000208   0x208

"P1":                                    0x992
  .text            ro code  0x00000208   0x358  Lab3_Inits.o [1]
  .text            ro code  0x00000560   0x246  DblDiv.o [4]
  .text            ro code  0x000007a6     0x2  cstartup_M.o [1]
  .text            ro code  0x000007a8   0x1a2  DblMul.o [4]
  .text            ro code  0x0000094a     0x2  cstartup_M.o [1]
  .text            ro code  0x0000094c    0xd0  Lab3_Task1a.o [1]
  .text            ro code  0x00000a1c    0x1a  U32ToDbl.o [4]
  .text            ro code  0x00000a36     0x2  cstartup_M.o [1]
  .text            ro code  0x00000a38    0x68  DblToFlt.o [4]
  .text            ro code  0x00000aa0    0x40  zero_init3.o [5]
  .text            ro code  0x00000ae0    0x28  data_init.o [5]
  .text            ro code  0x00000b08    0x22  fpinit_M.o [4]
  .iar.init_table  const    0x00000b2c    0x10  - Linker created -
  .text            ro code  0x00000b3c     0x2  cstartup_M.o [1]
  .text            ro code  0x00000b40    0x1a  cmain.o [5]
  .text            ro code  0x00000b5a     0x4  low_level_init.o [3]
  .text            ro code  0x00000b5e     0x4  exit.o [3]
  .text            ro code  0x00000b62     0x2  cstartup_M.o [1]
  .text            ro code  0x00000b64     0xa  cexit.o [5]
  .text            ro code  0x00000b6e     0x2  cstartup_M.o [1]
  .text            ro code  0x00000b70    0x14  exit.o [6]
  .text            ro code  0x00000b84    0x10  cstartup_M.o [1]
  .text            ro code  0x00000b94     0x2  cstartup_M.o [1]
  .text            ro code  0x00000b96     0x2  cstartup_M.o [1]
  .text            ro code  0x00000b98     0x2  cstartup_M.o [1]
  .rodata          const    0x00000b9a     0x0  zero_init3.o [5]
                          - 0x00000b9a   0x992

"P2", part 1 of 2:                         0x4
  .bss             zero     0x20000000     0x4  Lab3_Task1a.o [1]
                          - 0x20000004     0x4

"P2", part 2 of 2:                      0x8000
  CSTACK                    0x20000008  0x8000  <Block>
    CSTACK         uninit   0x20000008  0x8000  <Block tail>
                          - 0x20008008  0x8000


*******************************************************************************
*** INIT TABLE
***

          Address     Size
          -------     ----
Zero (__iar_zero_init3)
    1 destination range, total size 0x4:
          0x20000000   0x4



*******************************************************************************
*** MODULE SUMMARY
***

    Module            ro code  ro data  rw data
    ------            -------  -------  -------
C:\ee474labs\lab3\task1a\Debug\Obj: [1]
    Lab3_Inits.o          856
    Lab3_Task1a.o         208                 4
    cstartup_M.o           34      520
    -------------------------------------------
    Total:              1 098      520        4

command line: [2]
    -------------------------------------------
    Total:

dl7M_tln.a: [3]
    exit.o                  4
    low_level_init.o        4
    -------------------------------------------
    Total:                  8

m7M_tls.a: [4]
    DblDiv.o              582
    DblMul.o              418
    DblToFlt.o            104
    U32ToDbl.o             26
    fpinit_M.o             34
    -------------------------------------------
    Total:              1 164

rt7M_tl.a: [5]
    cexit.o                10
    cmain.o                26
    data_init.o            40
    zero_init3.o           64
    -------------------------------------------
    Total:                140

shb_l.a: [6]
    exit.o                 20
    -------------------------------------------
    Total:                 20

    Gaps                    2        2
    Linker created                  16   32 768
-----------------------------------------------
    Grand Total:        2 432      538   32 772


*******************************************************************************
*** ENTRY LIST
***

Entry                      Address   Size  Type      Object
-----                      -------   ----  ----      ------
.iar.init_table$$Base   0x00000b2c          --   Gb  - Linker created -
.iar.init_table$$Limit  0x00000b3c          --   Gb  - Linker created -
?main                   0x00000b41         Code  Gb  cmain.o [5]
ADC0SS3_Handler         0x000009e5   0x1a  Code  Gb  Lab3_Task1a.o [1]
ADCReadPot_Init         0x000003a9   0xe4  Code  Gb  Lab3_Inits.o [1]
ADC_value               0x20000000    0x4  Data  Gb  Lab3_Task1a.o [1]
CSTACK$$Base            0x20000008          --   Gb  - Linker created -
CSTACK$$Limit           0x20008008          --   Gb  - Linker created -
LED_Init                0x00000359   0x50  Code  Gb  Lab3_Inits.o [1]
PLL_Init                0x00000209  0x150  Code  Gb  Lab3_Inits.o [1]
Region$$Table$$Base     0x00000b2c          --   Gb  - Linker created -
Region$$Table$$Limit    0x00000b3c          --   Gb  - Linker created -
TimerADCTriger_Init     0x0000048d   0x50  Code  Gb  Lab3_Inits.o [1]
__aeabi_d2f             0x00000a39         Code  Gb  DblToFlt.o [4]
__aeabi_ddiv            0x00000561         Code  Gb  DblDiv.o [4]
__aeabi_dmul            0x000007a9         Code  Gb  DblMul.o [4]
__aeabi_ui2d            0x00000a1d         Code  Gb  U32ToDbl.o [4]
__cmain                 0x00000b41         Code  Gb  cmain.o [5]
__exit                  0x00000b71   0x14  Code  Gb  exit.o [6]
__iar_data_init3        0x00000ae1   0x28  Code  Gb  data_init.o [5]
__iar_init_vfp          0x00000b09         Code  Gb  fpinit_M.o [4]
__iar_program_start     0x00000b85   0x10  Code  Gb  cstartup_M.o [1]
__iar_systems$$module {Abs}
                        0x00000001         Data  Gb  command line/config [2]
__iar_zero_init3        0x00000aa1   0x40  Code  Gb  zero_init3.o [5]
__low_level_init        0x00000b5b    0x4  Code  Gb  low_level_init.o [3]
__vector_table          0x00000000  0x208  Data  Gb  cstartup_M.o [1]
_call_main              0x00000b4d         Code  Gb  cmain.o [5]
_exit                   0x00000b65         Code  Gb  cexit.o [5]
_main                   0x00000b57         Code  Gb  cmain.o [5]
exit                    0x00000b5f    0x4  Code  Gb  exit.o [3]
main                    0x0000094d   0x98  Code  Gb  Lab3_Task1a.o [1]


[1] = C:\ee474labs\lab3\task1a\Debug\Obj
[2] = command line
[3] = dl7M_tln.a
[4] = m7M_tls.a
[5] = rt7M_tl.a
[6] = shb_l.a

   2 432 bytes of readonly  code memory
     538 bytes of readonly  data memory
  32 772 bytes of readwrite data memory

Errors: none
Warnings: none
