###############################################################################
#
# IAR ELF Linker V8.11.3.13950/W32 for ARM                14/Jul/2021  18:15:19
# Copyright 2007-2017 IAR Systems AB.
#
#    Output file  =  C:\ee474labs\lab2\task2b\Debug\Exe\task2b.out
#    Map file     =  C:\ee474labs\lab2\task2b\Debug\List\task2b.map
#    Command line =  
#        -f C:\Users\Study\AppData\Local\Temp\EWA88.tmp
#        (C:\ee474labs\lab2\task2b\Debug\Obj\cstartup_M.o
#        C:\ee474labs\lab2\task2b\Debug\Obj\main.o -o
#        C:\ee474labs\lab2\task2b\Debug\Exe\task2b.out --redirect
#        _Printf=_PrintfFullNoMb --redirect _Scanf=_ScanfFullNoMb --map
#        C:\ee474labs\lab2\task2b\Debug\List\task2b.map --config "C:\Program
#        Files (x86)\IAR Systems\Embedded Workbench
#        8.0\arm\config\linker\TexasInstruments\TM4C1294NC.icf" --semihosting
#        --entry __iar_program_start --vfe --text_out locale)
#
###############################################################################

*******************************************************************************
*** RUNTIME MODEL ATTRIBUTES
***

CppFlavor       = *
__SystemLibrary = DLib
__dlib_version  = 6


*******************************************************************************
*** HEAP SELECTION
***

The basic heap was selected because some modules are built with
size limitations (and not runtime checking), and --advanced_heap
was not specified.


*******************************************************************************
*** PLACEMENT SUMMARY
***

"A0":  place at 0x00000000 { ro section .intvec };
"P1":  place in [from 0x00000000 to 0x000fffff] { ro };
define block CSTACK with size = 32K, alignment = 8 { };
define block HEAP with size = 64K, alignment = 8 { };
"P2":  place in [from 0x20000000 to 0x2003ffff] {
          rw, block CSTACK, block HEAP };

  Section   Kind        Address    Size  Object
  -------   ----        -------    ----  ------
"A0":                             0x110
  .intvec   const    0x00000000   0x110  cstartup_M.o [1]
                   - 0x00000110   0x110

"P1":                             0x23c
  .text     ro code  0x00000110   0x1b8  main.o [1]
  .text     ro code  0x000002c8    0x22  fpinit_M.o [4]
  .text     ro code  0x000002ea     0x2  cstartup_M.o [1]
  .text     ro code  0x000002ec    0x1a  cmain.o [5]
  .text     ro code  0x00000306     0x4  low_level_init.o [3]
  .text     ro code  0x0000030a     0x4  exit.o [3]
  .text     ro code  0x0000030e     0x2  cstartup_M.o [1]
  .text     ro code  0x00000310     0xa  cexit.o [5]
  .text     ro code  0x0000031a     0x2  cstartup_M.o [1]
  .text     ro code  0x0000031c    0x14  exit.o [6]
  .text     ro code  0x00000330    0x10  cstartup_M.o [1]
  .text     ro code  0x00000340     0x2  cstartup_M.o [1]
  .text     ro code  0x00000342     0x2  cstartup_M.o [1]
  .text     ro code  0x00000344     0x2  cstartup_M.o [1]
  .text     ro code  0x00000346     0x2  cstartup_M.o [1]
  .text     ro code  0x00000348     0x2  cstartup_M.o [1]
  .text     ro code  0x0000034a     0x2  cstartup_M.o [1]
                   - 0x0000034c   0x23c

"P2":                            0x8000
  CSTACK             0x20000000  0x8000  <Block>
    CSTACK  uninit   0x20000000  0x8000  <Block tail>
                   - 0x20008000  0x8000



*******************************************************************************
*** MODULE SUMMARY
***

    Module            ro code  ro data  rw data
    ------            -------  -------  -------
C:\ee474labs\lab2\task2b\Debug\Obj: [1]
    cstartup_M.o           34      272
    main.o                440
    -------------------------------------------
    Total:                474      272

command line: [2]
    -------------------------------------------
    Total:

dl7M_tln.a: [3]
    exit.o                  4
    low_level_init.o        4
    -------------------------------------------
    Total:                  8

m7M_tls.a: [4]
    fpinit_M.o             34
    -------------------------------------------
    Total:                 34

rt7M_tl.a: [5]
    cexit.o                10
    cmain.o                26
    -------------------------------------------
    Total:                 36

shb_l.a: [6]
    exit.o                 20
    -------------------------------------------
    Total:                 20

    Linker created                       32 768
-----------------------------------------------
    Grand Total:          572      272   32 768


*******************************************************************************
*** ENTRY LIST
***

Entry                      Address   Size  Type      Object
-----                      -------   ----  ----      ------
?main                   0x000002ed         Code  Gb  cmain.o [5]
CSTACK$$Base            0x20000000          --   Gb  - Linker created -
CSTACK$$Limit           0x20008000          --   Gb  - Linker created -
CycleLight              0x00000153   0x40  Code  Gb  main.o [1]
GPIOInit                0x00000193   0x6a  Code  Gb  main.o [1]
PortJ_Handler           0x0000022f   0x42  Code  Gb  main.o [1]
Region$$Table$$Base     0x00000000          --   Gb  - Linker created -
Region$$Table$$Limit    0x00000000          --   Gb  - Linker created -
TimerInit               0x000001fd   0x32  Code  Gb  main.o [1]
__cmain                 0x000002ed         Code  Gb  cmain.o [5]
__exit                  0x0000031d   0x14  Code  Gb  exit.o [6]
__iar_init_vfp          0x000002c9         Code  Gb  fpinit_M.o [4]
__iar_program_start     0x00000331   0x10  Code  Gb  cstartup_M.o [1]
__iar_systems$$module {Abs}
                        0x00000001         Data  Gb  command line/config [2]
__low_level_init        0x00000307    0x4  Code  Gb  low_level_init.o [3]
__vector_table          0x00000000  0x110  Data  Gb  cstartup_M.o [1]
_call_main              0x000002f9         Code  Gb  cmain.o [5]
_exit                   0x00000311         Code  Gb  cexit.o [5]
_main                   0x00000303         Code  Gb  cmain.o [5]
exit                    0x0000030b    0x4  Code  Gb  exit.o [3]
main                    0x00000111   0x42  Code  Gb  main.o [1]


[1] = C:\ee474labs\lab2\task2b\Debug\Obj
[2] = command line
[3] = dl7M_tln.a
[4] = m7M_tls.a
[5] = rt7M_tl.a
[6] = shb_l.a

     572 bytes of readonly  code memory
     272 bytes of readonly  data memory
  32 768 bytes of readwrite data memory

Errors: none
Warnings: none
