###############################################################################
#
# IAR ELF Linker V8.11.3.13950/W32 for ARM                06/Jul/2021  21:54:55
# Copyright 2007-2017 IAR Systems AB.
#
#    Output file  =  C:\ee474labs\lab2\task1b\Debug\Exe\task1b.out
#    Map file     =  C:\ee474labs\lab2\task1b\Debug\List\task1b.map
#    Command line =  
#        -f C:\Users\Study\AppData\Local\Temp\EWF690.tmp
#        (C:\ee474labs\lab2\task1b\Debug\Obj\main.o -o
#        C:\ee474labs\lab2\task1b\Debug\Exe\task1b.out --redirect
#        _Printf=_PrintfFullNoMb --redirect _Scanf=_ScanfFullNoMb --map
#        C:\ee474labs\lab2\task1b\Debug\List\task1b.map --config "C:\Program
#        Files (x86)\IAR Systems\Embedded Workbench
#        8.0\arm\config\linker\TexasInstruments\TM4C1294NC.icf" --semihosting
#        --entry __iar_program_start --vfe --text_out locale)
#
###############################################################################

*******************************************************************************
*** RUNTIME MODEL ATTRIBUTES
***

CppFlavor       = *
__SystemLibrary = DLib
__dlib_version  = 6


*******************************************************************************
*** HEAP SELECTION
***

The basic heap was selected because some modules are built with
size limitations (and not runtime checking), and --advanced_heap
was not specified.


*******************************************************************************
*** PLACEMENT SUMMARY
***

"A0":  place at 0x00000000 { ro section .intvec };
"P1":  place in [from 0x00000000 to 0x000fffff] { ro };
define block CSTACK with size = 32K, alignment = 8 { };
define block HEAP with size = 64K, alignment = 8 { };
"P2":  place in [from 0x20000000 to 0x2003ffff] {
          rw, block CSTACK, block HEAP };

  Section          Kind        Address    Size  Object
  -------          ----        -------    ----  ------
"A0":                                     0x40
  .intvec          ro code  0x00000000    0x40  vector_table_M.o [5]
                          - 0x00000040    0x40

"P1":                                    0x448
  .text            ro code  0x00000040   0x358  main.o [1]
  .text            ro code  0x00000398    0x40  zero_init3.o [5]
  .text            ro code  0x000003d8    0x28  data_init.o [5]
  .text            ro code  0x00000400    0x22  fpinit_M.o [4]
  .iar.init_table  const    0x00000424    0x10  - Linker created -
  .text            ro code  0x00000434     0x2  vector_table_M.o [5]
  .text            ro code  0x00000438    0x1a  cmain.o [5]
  .text            ro code  0x00000452     0x4  low_level_init.o [3]
  .text            ro code  0x00000456     0x4  exit.o [3]
  .text            ro code  0x0000045c     0xa  cexit.o [5]
  .text            ro code  0x00000468    0x14  exit.o [6]
  .text            ro code  0x0000047c     0xc  cstartup_M.o [5]
  .rodata          const    0x00000488     0x0  zero_init3.o [5]
                          - 0x00000488   0x448

"P2", part 1 of 2:                         0x4
  .bss             zero     0x20000000     0x1  main.o [1]
                          - 0x20000001     0x1

"P2", part 2 of 2:                      0x8000
  CSTACK                    0x20000008  0x8000  <Block>
    CSTACK         uninit   0x20000008  0x8000  <Block tail>
                          - 0x20008008  0x8000


*******************************************************************************
*** INIT TABLE
***

          Address     Size
          -------     ----
Zero (__iar_zero_init3)
    1 destination range, total size 0x1:
          0x20000000   0x1



*******************************************************************************
*** MODULE SUMMARY
***

    Module            ro code  ro data  rw data
    ------            -------  -------  -------
C:\ee474labs\lab2\task1b\Debug\Obj: [1]
    main.o                856                 1
    -------------------------------------------
    Total:                856                 1

command line: [2]
    -------------------------------------------
    Total:

dl7M_tln.a: [3]
    exit.o                  4
    low_level_init.o        4
    -------------------------------------------
    Total:                  8

m7M_tls.a: [4]
    fpinit_M.o             34
    -------------------------------------------
    Total:                 34

rt7M_tl.a: [5]
    cexit.o                10
    cmain.o                26
    cstartup_M.o           12
    data_init.o            40
    vector_table_M.o       66
    zero_init3.o           64
    -------------------------------------------
    Total:                218

shb_l.a: [6]
    exit.o                 20
    -------------------------------------------
    Total:                 20

    Gaps                    6        2
    Linker created                  16   32 768
-----------------------------------------------
    Grand Total:        1 142       18   32 769


*******************************************************************************
*** ENTRY LIST
***

Entry                      Address   Size  Type      Object
-----                      -------   ----  ----      ------
.iar.init_table$$Base   0x00000424          --   Gb  - Linker created -
.iar.init_table$$Limit  0x00000434          --   Gb  - Linker created -
?main                   0x00000439         Code  Gb  cmain.o [5]
CSTACK$$Base            0x20000008          --   Gb  - Linker created -
CSTACK$$Limit           0x20008008          --   Gb  - Linker created -
GetButton               0x00000231   0x14  Code  Gb  main.o [1]
GreenInit               0x000002e1   0x32  Code  Gb  main.o [1]
GreenOff                0x00000321    0xe  Code  Gb  main.o [1]
GreenOn                 0x00000313    0xe  Code  Gb  main.o [1]
Init                    0x00000185   0x1c  Code  Gb  main.o [1]
Interval                0x0000032f   0x2c  Code  Gb  main.o [1]
PedInit                 0x000001ff   0x32  Code  Gb  main.o [1]
RedInit                 0x00000245   0x32  Code  Gb  main.o [1]
RedOff                  0x00000285    0xe  Code  Gb  main.o [1]
RedOn                   0x00000277    0xe  Code  Gb  main.o [1]
Region$$Table$$Base     0x00000424          --   Gb  - Linker created -
Region$$Table$$Limit    0x00000434          --   Gb  - Linker created -
SysInit                 0x000001cd   0x32  Code  Gb  main.o [1]
TL_State                0x20000000    0x1  Data  Gb  main.o [1]
TimerInit               0x000001a1   0x2c  Code  Gb  main.o [1]
YellowInit              0x00000293   0x32  Code  Gb  main.o [1]
YellowOff               0x000002d3    0xe  Code  Gb  main.o [1]
YellowOn                0x000002c5    0xe  Code  Gb  main.o [1]
__cmain                 0x00000439         Code  Gb  cmain.o [5]
__exit                  0x00000469   0x14  Code  Gb  exit.o [6]
__iar_data_init3        0x000003d9   0x28  Code  Gb  data_init.o [5]
__iar_init_vfp          0x00000401         Code  Gb  fpinit_M.o [4]
__iar_program_start     0x0000047d         Code  Gb  cstartup_M.o [5]
__iar_systems$$module {Abs}
                        0x00000001         Data  Gb  command line/config [2]
__iar_zero_init3        0x00000399   0x40  Code  Gb  zero_init3.o [5]
__low_level_init        0x00000453    0x4  Code  Gb  low_level_init.o [3]
__vector_table          0x00000000         Data  Gb  vector_table_M.o [5]
_call_main              0x00000445         Code  Gb  cmain.o [5]
_exit                   0x0000045d         Code  Gb  cexit.o [5]
_main                   0x0000044f         Code  Gb  cmain.o [5]
exit                    0x00000457    0x4  Code  Gb  exit.o [3]
main                    0x00000041  0x144  Code  Gb  main.o [1]


[1] = C:\ee474labs\lab2\task1b\Debug\Obj
[2] = command line
[3] = dl7M_tln.a
[4] = m7M_tls.a
[5] = rt7M_tl.a
[6] = shb_l.a

   1 142 bytes of readonly  code memory
      18 bytes of readonly  data memory
  32 769 bytes of readwrite data memory

Errors: none
Warnings: none
