###############################################################################
#
# IAR ELF Linker V8.11.3.13950/W32 for ARM                22/Jul/2021  21:11:38
# Copyright 2007-2017 IAR Systems AB.
#
#    Output file  =  C:\ee474labs\lab3\task2a\Debug\Exe\task2a.out
#    Map file     =  C:\ee474labs\lab3\task2a\Debug\List\task2a.map
#    Command line =  
#        -f C:\Users\Study\AppData\Local\Temp\EW8660.tmp
#        (C:\ee474labs\lab3\task2a\Debug\Obj\cstartup_M.o
#        C:\ee474labs\lab3\task2a\Debug\Obj\Lab3_Inits.o
#        C:\ee474labs\lab3\task2a\Debug\Obj\Lab3_Task2a.o -o
#        C:\ee474labs\lab3\task2a\Debug\Exe\task2a.out --redirect
#        _Printf=_PrintfFullNoMb --redirect _Scanf=_ScanfFullNoMb --map
#        C:\ee474labs\lab3\task2a\Debug\List\task2a.map --config "C:\Program
#        Files (x86)\IAR Systems\Embedded Workbench
#        8.0\arm\config\linker\TexasInstruments\TM4C1294NC.icf" --semihosting
#        --entry __iar_program_start --vfe --text_out locale)
#
###############################################################################

*******************************************************************************
*** RUNTIME MODEL ATTRIBUTES
***

CppFlavor       = *
__SystemLibrary = DLib
__dlib_version  = 6


*******************************************************************************
*** HEAP SELECTION
***

The basic heap was selected because some modules are built with
size limitations (and not runtime checking), and --advanced_heap
was not specified.


*******************************************************************************
*** PLACEMENT SUMMARY
***

"A0":  place at 0x00000000 { ro section .intvec };
"P1":  place in [from 0x00000000 to 0x000fffff] { ro };
define block CSTACK with size = 32K, alignment = 8 { };
define block HEAP with size = 64K, alignment = 8 { };
"P2":  place in [from 0x20000000 to 0x2003ffff] {
          rw, block CSTACK, block HEAP };
initialize by copy { rw };

  Section            Kind        Address    Size  Object
  -------            ----        -------    ----  ------
"A0":                                      0x110
  .intvec            const    0x00000000   0x110  cstartup_M.o [1]
                            - 0x00000110   0x110

"P1":                                     0x2100
  .text              ro code  0x00000110   0xe0e  xprintffull_nomb.o [3]
  .text              ro code  0x00000f1e     0xa  xsprout.o [3]
  .text              ro code  0x00000f28    0x16  strchr.o [5]
  .text              ro code  0x00000f3e     0x2  cstartup_M.o [1]
  .text              ro code  0x00000f40    0x44  xfail_s.o [3]
  .text              ro code  0x00000f84    0x36  strlen.o [5]
  .text              ro code  0x00000fba     0x2  cstartup_M.o [1]
  .text              ro code  0x00000fbc    0x58  memchr.o [5]
  .text              ro code  0x00001014    0xee  I64DivMod.o [5]
  .text              ro code  0x00001102     0x2  cstartup_M.o [1]
  .text              ro code  0x00001104   0x1a2  DblMul.o [4]
  .text              ro code  0x000012a6     0x2  cstartup_M.o [1]
  .text              ro code  0x000012a8    0x76  ABImemcpy_unaligned.o [5]
  .text              ro code  0x0000131e     0x2  cstartup_M.o [1]
  .text              ro code  0x00001320    0x70  frexp.o [4]
  .text              ro code  0x00001390    0x2e  DblCmpLe.o [4]
  .text              ro code  0x000013be     0x2  cstartup_M.o [1]
  .text              ro code  0x000013c0    0x2e  DblCmpGe.o [4]
  .text              ro code  0x000013ee     0x2  cstartup_M.o [1]
  .text              ro code  0x000013f0   0x13a  ldexp.o [4]
  .text              ro code  0x0000152a     0x2  cstartup_M.o [1]
  .text              ro code  0x0000152c    0x3a  DblToS32.o [4]
  .text              ro code  0x00001566     0x2  cstartup_M.o [1]
  .text              ro code  0x00001568    0x22  S32ToDbl.o [4]
  .text              ro code  0x0000158c    0xe2  DblSub.o [4]
  .text              ro code  0x00001670   0x246  DblDiv.o [4]
  .text              ro code  0x000018b8    0x28  DblToU32.o [4]
  .text              ro code  0x000018e0    0x1a  U32ToDbl.o [4]
  .text              ro code  0x000018fc     0x8  xlocale_c.o [3]
  .text              ro code  0x00001904     0x6  abort.o [3]
  .text              ro code  0x0000190c     0x2  I64DivZer.o [5]
  .text              ro code  0x00001910   0x168  DblAdd.o [4]
  .text              ro code  0x00001a78    0x14  exit.o [6]
  .text              ro code  0x00001a8c   0x428  Lab3_Inits.o [1]
  .text              ro code  0x00001eb4   0x12c  Lab3_Task2a.o [1]
  .text              ro code  0x00001fe0    0x68  DblToFlt.o [4]
  .text              ro code  0x00002048    0x38  roundf.o [4]
  .text              ro code  0x00002080    0x48  FltToDbl.o [4]
  .text              ro code  0x000020c8    0x40  sprintf.o [3]
  .text              ro code  0x00002108    0x38  packbits_init_single.o [5]
  .text              ro code  0x00002140    0x28  data_init.o [5]
  .text              ro code  0x00002168    0x22  fpinit_M.o [4]
  .iar.init_table    const    0x0000218c    0x10  - Linker created -
  .text              ro code  0x0000219c    0x1a  cmain.o [5]
  .text              ro code  0x000021b6     0x4  low_level_init.o [3]
  .text              ro code  0x000021ba     0x4  exit.o [3]
  .text              ro code  0x000021c0     0xa  cexit.o [5]
  .text              ro code  0x000021ca    0x10  cstartup_M.o [1]
  .rodata            const    0x000021dc     0x4  xlocale_c.o [3]
  .rodata            const    0x000021e0     0x0  packbits_init_single.o [5]
  Initializer bytes  const    0x000021e0    0x30  <for P2-1>
                            - 0x00002210  0x2100

"P2", part 1 of 2:                          0x44
  P2-1                        0x20000000    0x44  <Init block>
    .data            inited   0x20000000    0x38  xlocale_c.o [3]
    .bss             inited   0x20000038     0x4  Lab3_Task2a.o [1]
    .bss             inited   0x2000003c     0x4  Lab3_Task2a.o [1]
    .bss             inited   0x20000040     0x4  xfail_s.o [3]
                            - 0x20000044    0x44

"P2", part 2 of 2:                        0x8000
  CSTACK                      0x20000048  0x8000  <Block>
    CSTACK           uninit   0x20000048  0x8000  <Block tail>
                            - 0x20008048  0x8000


*******************************************************************************
*** INIT TABLE
***

          Address     Size
          -------     ----
Copy/packbits (__iar_packbits_init_single3)
    1 source range, total size 0x30 (70% of destination):
          0x000021e0  0x30
    1 destination range, total size 0x44:
          0x20000000  0x44



*******************************************************************************
*** MODULE SUMMARY
***

    Module                  ro code  ro data  rw data
    ------                  -------  -------  -------
C:\ee474labs\lab3\task2a\Debug\Obj: [1]
    Lab3_Inits.o              1 064
    Lab3_Task2a.o               300        6        8
    cstartup_M.o                 34      272
    -------------------------------------------------
    Total:                    1 398      278        8

command line: [2]
    -------------------------------------------------
    Total:

dl7M_tlf.a: [3]
    abort.o                       6
    exit.o                        4
    low_level_init.o              4
    sprintf.o                    64
    xfail_s.o                    68        3        4
    xlocale_c.o                   8       43       56
    xprintffull_nomb.o        3 598
    xsprout.o                    10
    -------------------------------------------------
    Total:                    3 762       46       60

m7M_tls.a: [4]
    DblAdd.o                    360
    DblCmpGe.o                   46
    DblCmpLe.o                   46
    DblDiv.o                    582
    DblMul.o                    418
    DblSub.o                    226
    DblToFlt.o                  104
    DblToS32.o                   58
    DblToU32.o                   40
    FltToDbl.o                   72
    S32ToDbl.o                   34
    U32ToDbl.o                   26
    fpinit_M.o                   34
    frexp.o                     112
    ldexp.o                     314
    roundf.o                     56
    -------------------------------------------------
    Total:                    2 528

rt7M_tl.a: [5]
    ABImemcpy_unaligned.o       118
    I64DivMod.o                 238
    I64DivZer.o                   2
    cexit.o                      10
    cmain.o                      26
    data_init.o                  40
    memchr.o                     88
    packbits_init_single.o       56
    strchr.o                     22
    strlen.o                     54
    -------------------------------------------------
    Total:                      654

shb_l.a: [6]
    exit.o                       20
    -------------------------------------------------
    Total:                       20

    Gaps                         14        4
    Linker created                        16   32 768
-----------------------------------------------------
    Grand Total:              8 376      344   32 836


*******************************************************************************
*** ENTRY LIST
***

Entry                      Address   Size  Type      Object
-----                      -------   ----  ----      ------
.iar.init_table$$Base   0x0000218c          --   Gb  - Linker created -
.iar.init_table$$Limit  0x0000219c          --   Gb  - Linker created -
?main                   0x0000219d         Code  Gb  cmain.o [5]
ADC0SS3_Handler         0x00001f53   0x2c  Code  Gb  Lab3_Task2a.o [1]
ADCReadPot_Init         0x00001c89   0x88  Code  Gb  Lab3_Inits.o [1]
ADC_value               0x20000038    0x4  Data  Gb  Lab3_Task2a.o [1]
CSTACK$$Base            0x20000048          --   Gb  - Linker created -
CSTACK$$Limit           0x20008048          --   Gb  - Linker created -
LoadInt                 0x000002af   0x7a  Code  Lc  xprintffull_nomb.o [3]
PLL_Init                0x00001a8d  0x174  Code  Gb  Lab3_Inits.o [1]
PortJ_Handler           0x00001f7f   0x2e  Code  Gb  Lab3_Task2a.o [1]
Region$$Table$$Base     0x0000218c          --   Gb  - Linker created -
Region$$Table$$Limit    0x0000219c          --   Gb  - Linker created -
SW_Init                 0x00001c01   0x88  Code  Gb  Lab3_Inits.o [1]
TimerADCTriger_Init     0x00001d11   0x56  Code  Gb  Lab3_Inits.o [1]
UART_Init               0x00001d67   0xa2  Code  Gb  Lab3_Inits.o [1]
_GenldFullNoMb          0x00000c13  0x27e  Code  Lc  xprintffull_nomb.o [3]
_LdtobFullNoMb          0x000007f7  0x3f0  Code  Lc  xprintffull_nomb.o [3]
_LitobFullNoMb          0x0000069b  0x116  Code  Lc  xprintffull_nomb.o [3]
_Locale_lconv           0x20000000   0x38  Data  Lc  xlocale_c.o [3]
_PrintfFullNoMb         0x00000111  0x190  Code  Gb  xprintffull_nomb.o [3]
_PutcharsFullNoMb       0x00000e91   0x2e  Code  Lc  xprintffull_nomb.o [3]
_PutfldFullNoMb         0x00000329  0x264  Code  Lc  xprintffull_nomb.o [3]
_PuttxtFullNoMb         0x0000058d  0x10e  Code  Lc  xprintffull_nomb.o [3]
_SProut                 0x00000f1f    0xa  Code  Gb  xsprout.o [3]
__aeabi_cdcmple         0x00001391         Code  Gb  DblCmpLe.o [4]
__aeabi_cdrcmple        0x000013c1         Code  Gb  DblCmpGe.o [4]
__aeabi_d2f             0x00001fe1         Code  Gb  DblToFlt.o [4]
__aeabi_d2iz            0x0000152d         Code  Gb  DblToS32.o [4]
__aeabi_d2uiz           0x000018b9         Code  Gb  DblToU32.o [4]
__aeabi_ddiv            0x00001671         Code  Gb  DblDiv.o [4]
__aeabi_dmul            0x00001105         Code  Gb  DblMul.o [4]
__aeabi_dsub            0x0000158d         Code  Gb  DblSub.o [4]
__aeabi_f2d             0x00002081         Code  Gb  FltToDbl.o [4]
__aeabi_i2d             0x00001569         Code  Gb  S32ToDbl.o [4]
__aeabi_ldiv0           0x0000190d         Code  Gb  I64DivZer.o [5]
__aeabi_ui2d            0x000018e1         Code  Gb  U32ToDbl.o [4]
__aeabi_uldivmod        0x00001015         Code  Gb  I64DivMod.o [5]
__cmain                 0x0000219d         Code  Gb  cmain.o [5]
__exit                  0x00001a79   0x14  Code  Gb  exit.o [6]
__iar_Fail_s            0x00000f41   0x1e  Code  Gb  xfail_s.o [3]
__iar_Memchr            0x00000fbd         Code  Gb  memchr.o [5]
__iar_Strchr            0x00000f29         Code  Gb  strchr.o [5]
__iar_dadd              0x0000159d         Code  Gb  DblSub.o [4]
__iar_data_init3        0x00002141   0x28  Code  Gb  data_init.o [5]
__iar_dsub              0x00001911         Code  Gb  DblAdd.o [4]
__iar_dsubStart         0x00001923         Code  Gb  DblAdd.o [4]
__iar_frexp             0x0000132d         Code  Gb  frexp.o [4]
__iar_frexpl            0x0000132d         Code  Gb  frexp.o [4]
__iar_init_vfp          0x00002169         Code  Gb  fpinit_M.o [4]
__iar_ldexp64           0x000013f1         Code  Gb  ldexp.o [4]
__iar_packbits_init_single3
                        0x00002109   0x38  Code  Gb  packbits_init_single.o [5]
__iar_program_start     0x000021cb   0x10  Code  Gb  cstartup_M.o [1]
__iar_round32           0x00002059         Code  Gb  roundf.o [4]
__iar_scalbln64         0x000013f1         Code  Gb  ldexp.o [4]
__iar_scalbn64          0x000013f1         Code  Gb  ldexp.o [4]
__iar_softfp___iar_frexp64
                        0x00001321         Code  Gb  frexp.o [4]
__iar_softfp_frexp      0x00001321         Code  Gb  frexp.o [4]
__iar_softfp_frexpl     0x00001321         Code  Gb  frexp.o [4]
__iar_systems$$module {Abs}
                        0x00000001         Data  Gb  command line/config [2]
__iar_unaligned_memcpy  0x000012a9         Code  Gb  ABImemcpy_unaligned.o [5]
__iar_unaligned_memcpy4
                        0x000012c9         Code  Gb  ABImemcpy_unaligned.o [5]
__iar_unaligned_memcpy8
                        0x000012c9         Code  Gb  ABImemcpy_unaligned.o [5]
__iar_vfp___iar_round32
                        0x00002049         Code  Gb  roundf.o [4]
__iar_vfp_roundf        0x00002049         Code  Gb  roundf.o [4]
__low_level_init        0x000021b7    0x4  Code  Gb  low_level_init.o [3]
__vector_table          0x00000000  0x110  Data  Gb  cstartup_M.o [1]
_call_main              0x000021a9         Code  Gb  cmain.o [5]
_exit                   0x000021c1         Code  Gb  cexit.o [5]
_main                   0x000021b3         Code  Gb  cmain.o [5]
abort                   0x00001905    0x6  Code  Gb  abort.o [3]
exit                    0x000021bb    0x4  Code  Gb  exit.o [3]
ldexp                   0x000013f1         Code  Gb  ldexp.o [4]
ldexpl                  0x000013f1         Code  Gb  ldexp.o [4]
localeconv              0x000018fd    0x4  Code  Gb  xlocale_c.o [3]
main                    0x00001eb5   0x9e  Code  Gb  Lab3_Task2a.o [1]
memchr                  0x00000fbd         Code  Gb  memchr.o [5]
roundf                  0x00002059         Code  Gb  roundf.o [4]
scalbln                 0x000013f1         Code  Gb  ldexp.o [4]
scalblnl                0x000013f1         Code  Gb  ldexp.o [4]
scalbn                  0x000013f1         Code  Gb  ldexp.o [4]
scalbnl                 0x000013f1         Code  Gb  ldexp.o [4]
scale                   0x000007b1   0x46  Code  Lc  xprintffull_nomb.o [3]
sec_hand                0x20000040    0x4  Data  Lc  xfail_s.o [3]
sprintf                 0x000020c9   0x40  Code  Gb  sprintf.o [3]
strchr                  0x00000f29         Code  Gb  strchr.o [5]
strlen                  0x00000f85         Code  Gb  strlen.o [5]
updateTemp              0x2000003c    0x4  Data  Gb  Lab3_Task2a.o [1]


[1] = C:\ee474labs\lab3\task2a\Debug\Obj
[2] = command line
[3] = dl7M_tlf.a
[4] = m7M_tls.a
[5] = rt7M_tl.a
[6] = shb_l.a

   8 376 bytes of readonly  code memory
     344 bytes of readonly  data memory
  32 836 bytes of readwrite data memory

Errors: none
Warnings: none
