###############################################################################
#
# IAR ELF Linker V8.11.3.13950/W32 for ARM                03/Aug/2021  15:08:25
# Copyright 2007-2017 IAR Systems AB.
#
#    Output file  =  C:\ee474labs\lab4\task2a\Debug\Exe\task2a.out
#    Map file     =  C:\ee474labs\lab4\task2a\Debug\List\task2a.map
#    Command line =  
#        -f C:\Users\Study\AppData\Local\Temp\EW494C.tmp
#        (C:\ee474labs\lab4\task2a\Debug\Obj\cstartup_M.o
#        C:\ee474labs\lab4\task2a\Debug\Obj\Lab3_Inits.o
#        C:\ee474labs\lab4\task2a\Debug\Obj\Lab4_Task2a.o
#        C:\ee474labs\lab4\task2a\Debug\Obj\SSD2119_Display.o
#        C:\ee474labs\lab4\task2a\Debug\Obj\SSD2119_Touch.o -o
#        C:\ee474labs\lab4\task2a\Debug\Exe\task2a.out --redirect
#        _Printf=_PrintfFullNoMb --redirect _Scanf=_ScanfFullNoMb --map
#        C:\ee474labs\lab4\task2a\Debug\List\task2a.map --config "C:\Program
#        Files (x86)\IAR Systems\Embedded Workbench
#        8.0\arm\config\linker\TexasInstruments\TM4C1294NC.icf" --semihosting
#        --entry __iar_program_start --vfe --text_out locale)
#
###############################################################################

*******************************************************************************
*** RUNTIME MODEL ATTRIBUTES
***

CppFlavor       = *
__SystemLibrary = DLib
__dlib_version  = 6


*******************************************************************************
*** HEAP SELECTION
***

The basic heap was selected because some modules are built with
size limitations (and not runtime checking), and --advanced_heap
was not specified.


*******************************************************************************
*** PLACEMENT SUMMARY
***

"A0":  place at 0x00000000 { ro section .intvec };
"P1":  place in [from 0x00000000 to 0x000fffff] { ro };
define block CSTACK with size = 32K, alignment = 8 { };
define block HEAP with size = 64K, alignment = 8 { };
"P2":  place in [from 0x20000000 to 0x2003ffff] {
          rw, block CSTACK, block HEAP };

  Section          Kind        Address    Size  Object
  -------          ----        -------    ----  ------
"A0":                                    0x110
  .intvec          const    0x00000000   0x110  cstartup_M.o [1]
                          - 0x00000110   0x110

"P1":                                   0x1444
  .text            ro code  0x00000110   0x9b8  SSD2119_Display.o [1]
  .text            ro code  0x00000ac8   0x434  Lab4_Task2a.o [1]
  .text            ro code  0x00000efc   0x170  Lab3_Inits.o [1]
  .text            ro code  0x0000106c   0x3c4  SSD2119_Touch.o [1]
  .text            ro code  0x00001430    0x40  zero_init3.o [5]
  .text            ro code  0x00001470    0x28  data_init.o [5]
  .text            ro code  0x00001498    0x22  fpinit_M.o [4]
  .iar.init_table  const    0x000014bc    0x10  - Linker created -
  .text            ro code  0x000014cc     0x2  cstartup_M.o [1]
  .rodata          const    0x000014d0    0x20  SSD2119_Display.o [1]
  .text            ro code  0x000014f0    0x1a  cmain.o [5]
  .text            ro code  0x0000150a     0x4  low_level_init.o [3]
  .text            ro code  0x0000150e     0x4  exit.o [3]
  .text            ro code  0x00001512     0x2  cstartup_M.o [1]
  .text            ro code  0x00001514     0xa  cexit.o [5]
  .text            ro code  0x0000151e     0x2  cstartup_M.o [1]
  .text            ro code  0x00001520    0x14  exit.o [6]
  .text            ro code  0x00001534    0x10  cstartup_M.o [1]
  .text            ro code  0x00001544     0x2  cstartup_M.o [1]
  .text            ro code  0x00001546     0x2  cstartup_M.o [1]
  .text            ro code  0x00001548     0x2  cstartup_M.o [1]
  .text            ro code  0x0000154a     0x2  cstartup_M.o [1]
  .text            ro code  0x0000154c     0x2  cstartup_M.o [1]
  .text            ro code  0x0000154e     0x2  cstartup_M.o [1]
  .text            ro code  0x00001550     0x2  cstartup_M.o [1]
  .text            ro code  0x00001552     0x2  cstartup_M.o [1]
  .rodata          const    0x00001554     0x0  zero_init3.o [5]
                          - 0x00001554  0x1444

"P2", part 1 of 2:                         0x8
  .bss             zero     0x20000000     0x2  SSD2119_Display.o [1]
  .bss             zero     0x20000002     0x2  SSD2119_Display.o [1]
  .bss             zero     0x20000004     0x2  SSD2119_Display.o [1]
  .bss             zero     0x20000006     0x1  Lab4_Task2a.o [1]
                          - 0x20000007     0x7

"P2", part 2 of 2:                      0x8000
  CSTACK                    0x20000008  0x8000  <Block>
    CSTACK         uninit   0x20000008  0x8000  <Block tail>
                          - 0x20008008  0x8000


*******************************************************************************
*** INIT TABLE
***

          Address     Size
          -------     ----
Zero (__iar_zero_init3)
    1 destination range, total size 0x7:
          0x20000000   0x7



*******************************************************************************
*** MODULE SUMMARY
***

    Module             ro code  ro data  rw data
    ------             -------  -------  -------
C:\ee474labs\lab4\task2a\Debug\Obj: [1]
    Lab3_Inits.o           368
    Lab4_Task2a.o        1 076                 1
    SSD2119_Display.o    2 488       32        6
    SSD2119_Touch.o        964
    cstartup_M.o            38      272
    --------------------------------------------
    Total:               4 934      304        7

command line: [2]
    --------------------------------------------
    Total:

dl7M_tln.a: [3]
    exit.o                   4
    low_level_init.o         4
    --------------------------------------------
    Total:                   8

m7M_tls.a: [4]
    fpinit_M.o              34
    --------------------------------------------
    Total:                  34

rt7M_tl.a: [5]
    cexit.o                 10
    cmain.o                 26
    data_init.o             40
    zero_init3.o            64
    --------------------------------------------
    Total:                 140

shb_l.a: [6]
    exit.o                  20
    --------------------------------------------
    Total:                  20

    Gaps                              4
    Linker created                   16   32 768
------------------------------------------------
    Grand Total:         5 136      324   32 775


*******************************************************************************
*** ENTRY LIST
***

Entry                      Address   Size  Type      Object
-----                      -------   ----  ----      ------
.iar.init_table$$Base   0x000014bc          --   Gb  - Linker created -
.iar.init_table$$Limit  0x000014cc          --   Gb  - Linker created -
?main                   0x000014f1         Code  Gb  cmain.o [5]
ADC_Init                0x000010db   0x96  Code  Lc  SSD2119_Touch.o [1]
ADC_Read                0x00001171   0x1e  Code  Lc  SSD2119_Touch.o [1]
ADC_SetChannel          0x0000118f   0x32  Code  Lc  SSD2119_Touch.o [1]
CSTACK$$Base            0x20000008          --   Gb  - Linker created -
CSTACK$$Limit           0x20008008          --   Gb  - Linker created -
ClearFlagTimer0         0x00000e11    0x8  Code  Gb  Lab4_Task2a.o [1]
ClearFlagTimer1         0x00000e19    0x8  Code  Gb  Lab4_Task2a.o [1]
Color4                  0x000014d0   0x20  Data  Gb  SSD2119_Display.o [1]
DrawInterface           0x00000c47   0x64  Code  Gb  Lab4_Task2a.o [1]
GetButton               0x00000cab   0x72  Code  Gb  Lab4_Task2a.o [1]
GreenOff                0x00000e99   0x18  Code  Gb  Lab4_Task2a.o [1]
GreenOn                 0x00000e81   0x18  Code  Gb  Lab4_Task2a.o [1]
Interval                0x00000d77   0x4a  Code  Gb  Lab4_Task2a.o [1]
LCD_DrawCircle          0x00000899  0x11c  Code  Gb  SSD2119_Display.o [1]
LCD_DrawFilledCircle    0x000009b5  0x104  Code  Gb  SSD2119_Display.o [1]
LCD_DrawFilledRect      0x00000839   0x60  Code  Gb  SSD2119_Display.o [1]
LCD_DrawPixel           0x00000805   0x34  Code  Gb  SSD2119_Display.o [1]
LCD_GPIOInit            0x00000111  0x19c  Code  Lc  SSD2119_Display.o [1]
LCD_Init                0x000005a5  0x1a2  Code  Gb  SSD2119_Display.o [1]
LCD_SetCursor           0x00000767    0xe  Code  Gb  SSD2119_Display.o [1]
LCD_SetTextColor        0x00000775   0x14  Code  Gb  SSD2119_Display.o [1]
LCD_WriteCommand        0x000002ad  0x15a  Code  Lc  SSD2119_Display.o [1]
LCD_WriteData           0x00000407  0x19e  Code  Lc  SSD2119_Display.o [1]
PLL_Init                0x00000efd  0x170  Code  Gb  Lab3_Inits.o [1]
PedPressed              0x00000d49   0x2e  Code  Gb  Lab4_Task2a.o [1]
RedOff                  0x00000e39   0x18  Code  Gb  Lab4_Task2a.o [1]
RedOn                   0x00000e21   0x18  Code  Gb  Lab4_Task2a.o [1]
Region$$Table$$Base     0x000014bc          --   Gb  - Linker created -
Region$$Table$$Limit    0x000014cc          --   Gb  - Linker created -
ResetTimer0             0x00000dc1   0x20  Code  Gb  Lab4_Task2a.o [1]
ResetTimer1             0x00000de1   0x20  Code  Gb  Lab4_Task2a.o [1]
StartTimer0             0x00000e01    0x8  Code  Gb  Lab4_Task2a.o [1]
StartTimer1             0x00000e09    0x8  Code  Gb  Lab4_Task2a.o [1]
SysPressed              0x00000d1d   0x2c  Code  Gb  Lab4_Task2a.o [1]
TL_State                0x20000006    0x1  Data  Gb  Lab4_Task2a.o [1]
Touch_Init              0x0000106d   0x6e  Code  Gb  SSD2119_Touch.o [1]
Touch_ReadX             0x000012b7   0xf6  Code  Gb  SSD2119_Touch.o [1]
Touch_ReadY             0x000011c1   0xf6  Code  Gb  SSD2119_Touch.o [1]
YellowOff               0x00000e69   0x18  Code  Gb  Lab4_Task2a.o [1]
YellowOn                0x00000e51   0x18  Code  Gb  Lab4_Task2a.o [1]
__cmain                 0x000014f1         Code  Gb  cmain.o [5]
__exit                  0x00001521   0x14  Code  Gb  exit.o [6]
__iar_data_init3        0x00001471   0x28  Code  Gb  data_init.o [5]
__iar_init_vfp          0x00001499         Code  Gb  fpinit_M.o [4]
__iar_program_start     0x00001535   0x10  Code  Gb  cstartup_M.o [1]
__iar_systems$$module {Abs}
                        0x00000001         Data  Gb  command line/config [2]
__iar_zero_init3        0x00001431   0x40  Code  Gb  zero_init3.o [5]
__low_level_init        0x0000150b    0x4  Code  Gb  low_level_init.o [3]
__vector_table          0x00000000  0x110  Data  Gb  cstartup_M.o [1]
_call_main              0x000014fd         Code  Gb  cmain.o [5]
_exit                   0x00001515         Code  Gb  cexit.o [5]
_main                   0x00001507         Code  Gb  cmain.o [5]
convertColor            0x00000747   0x20  Code  Gb  SSD2119_Display.o [1]
cursorX                 0x20000000    0x2  Data  Gb  SSD2119_Display.o [1]
cursorY                 0x20000002    0x2  Data  Gb  SSD2119_Display.o [1]
exit                    0x0000150f    0x4  Code  Gb  exit.o [3]
main                    0x00000ac9  0x17e  Code  Gb  Lab4_Task2a.o [1]
textColor               0x20000004    0x2  Data  Gb  SSD2119_Display.o [1]


[1] = C:\ee474labs\lab4\task2a\Debug\Obj
[2] = command line
[3] = dl7M_tln.a
[4] = m7M_tls.a
[5] = rt7M_tl.a
[6] = shb_l.a

   5 136 bytes of readonly  code memory
     324 bytes of readonly  data memory
  32 775 bytes of readwrite data memory

Errors: none
Warnings: none
