###############################################################################
#
# IAR ELF Linker V8.11.3.13950/W32 for ARM                15/Aug/2021  11:16:40
# Copyright 2007-2017 IAR Systems AB.
#
#    Output file  =  C:\ee474labs\lab5\Debug\Exe\lab5.out
#    Map file     =  C:\ee474labs\lab5\Debug\List\lab5.map
#    Command line =  
#        -f C:\Users\Study\AppData\Local\Temp\EWD74E.tmp
#        (C:\ee474labs\lab5\Debug\Obj\cstartup_M.o
#        C:\ee474labs\lab5\Debug\Obj\Lab5.o
#        C:\ee474labs\lab5\Debug\Obj\Lab5_Inits.o -o
#        C:\ee474labs\lab5\Debug\Exe\lab5.out --redirect
#        _Printf=_PrintfFullNoMb --redirect _Scanf=_ScanfFullNoMb --map
#        C:\ee474labs\lab5\Debug\List\lab5.map --config "C:\Program Files
#        (x86)\IAR Systems\Embedded Workbench
#        8.0\arm\config\linker\TexasInstruments\TM4C1294NC.icf" --semihosting
#        --entry __iar_program_start --vfe --text_out locale)
#
###############################################################################

*******************************************************************************
*** RUNTIME MODEL ATTRIBUTES
***

CppFlavor       = *
__SystemLibrary = DLib
__dlib_version  = 6


*******************************************************************************
*** HEAP SELECTION
***

The basic heap was selected because some modules are built with
size limitations (and not runtime checking), and --advanced_heap
was not specified.


*******************************************************************************
*** PLACEMENT SUMMARY
***

"A0":  place at 0x00000000 { ro section .intvec };
"P1":  place in [from 0x00000000 to 0x000fffff] { ro };
define block CSTACK with size = 32K, alignment = 8 { };
define block HEAP with size = 64K, alignment = 8 { };
"P2":  place in [from 0x20000000 to 0x2003ffff] {
          rw, block CSTACK, block HEAP };

  Section          Kind        Address    Size  Object
  -------          ----        -------    ----  ------
"A0":                                    0x208
  .intvec          const    0x00000000   0x208  cstartup_M.o [1]
                          - 0x00000208   0x208

"P1":                                    0xf1c
  .text            ro code  0x00000208   0x454  Lab5_Inits.o [1]
  .text            ro code  0x0000065c   0x246  DblDiv.o [4]
  .text            ro code  0x000008a2     0x2  cstartup_M.o [1]
  .text            ro code  0x000008a4   0x22c  Lab5.o [1]
  .text            ro code  0x00000ad0    0x48  FltToDbl.o [4]
  .text            ro code  0x00000b18   0x1a2  DblMul.o [4]
  .text            ro code  0x00000cba     0x2  cstartup_M.o [1]
  .text            ro code  0x00000cbc    0xe2  DblSub.o [4]
  .text            ro code  0x00000d9e     0x2  cstartup_M.o [1]
  .text            ro code  0x00000da0   0x178  DblAdd.o [4]
  .text            ro code  0x00000f18    0x68  floor.o [4]
  .text            ro code  0x00000f80    0x28  DblToU32.o [4]
  .text            ro code  0x00000fa8    0x1a  U32ToDbl.o [4]
  .text            ro code  0x00000fc2     0x2  cstartup_M.o [1]
  .text            ro code  0x00000fc4    0x68  DblToFlt.o [4]
  .text            ro code  0x0000102c    0x40  zero_init3.o [5]
  .text            ro code  0x0000106c    0x28  data_init.o [5]
  .text            ro code  0x00001094    0x22  fpinit_M.o [4]
  .iar.init_table  const    0x000010b8    0x10  - Linker created -
  .text            ro code  0x000010c8     0x2  cstartup_M.o [1]
  .text            ro code  0x000010cc    0x1a  cmain.o [5]
  .text            ro code  0x000010e6     0x4  low_level_init.o [3]
  .text            ro code  0x000010ea     0x4  exit.o [3]
  .text            ro code  0x000010ee     0x2  cstartup_M.o [1]
  .text            ro code  0x000010f0     0xa  cexit.o [5]
  .text            ro code  0x000010fa     0x2  cstartup_M.o [1]
  .text            ro code  0x000010fc    0x14  exit.o [6]
  .text            ro code  0x00001110    0x10  cstartup_M.o [1]
  .text            ro code  0x00001120     0x2  cstartup_M.o [1]
  .text            ro code  0x00001122     0x2  cstartup_M.o [1]
  .rodata          const    0x00001124     0x0  zero_init3.o [5]
                          - 0x00001124   0xf1c

"P2", part 1 of 2:                         0x4
  .bss             zero     0x20000000     0x4  Lab5.o [1]
                          - 0x20000004     0x4

"P2", part 2 of 2:                      0x8000
  CSTACK                    0x20000008  0x8000  <Block>
    CSTACK         uninit   0x20000008  0x8000  <Block tail>
                          - 0x20008008  0x8000


*******************************************************************************
*** INIT TABLE
***

          Address     Size
          -------     ----
Zero (__iar_zero_init3)
    1 destination range, total size 0x4:
          0x20000000   0x4



*******************************************************************************
*** MODULE SUMMARY
***

    Module            ro code  ro data  rw data
    ------            -------  -------  -------
C:\ee474labs\lab5\Debug\Obj: [1]
    Lab5.o                556                 4
    Lab5_Inits.o        1 108
    cstartup_M.o           34      520
    -------------------------------------------
    Total:              1 698      520        4

command line: [2]
    -------------------------------------------
    Total:

dl7M_tln.a: [3]
    exit.o                  4
    low_level_init.o        4
    -------------------------------------------
    Total:                  8

m7M_tls.a: [4]
    DblAdd.o              376
    DblDiv.o              582
    DblMul.o              418
    DblSub.o              226
    DblToFlt.o            104
    DblToU32.o             40
    FltToDbl.o             72
    U32ToDbl.o             26
    floor.o               104
    fpinit_M.o             34
    -------------------------------------------
    Total:              1 982

rt7M_tl.a: [5]
    cexit.o                10
    cmain.o                26
    data_init.o            40
    zero_init3.o           64
    -------------------------------------------
    Total:                140

shb_l.a: [6]
    exit.o                 20
    -------------------------------------------
    Total:                 20

    Gaps                    2        2
    Linker created                  16   32 768
-----------------------------------------------
    Grand Total:        3 850      538   32 772


*******************************************************************************
*** ENTRY LIST
***

Entry                      Address   Size  Type      Object
-----                      -------   ----  ----      ------
.iar.init_table$$Base   0x000010b8          --   Gb  - Linker created -
.iar.init_table$$Limit  0x000010c8          --   Gb  - Linker created -
?main                   0x000010cd         Code  Gb  cmain.o [5]
ADC0SS3_Handler         0x00000a69   0x1a  Code  Gb  Lab5.o [1]
ADCReadPot_Init         0x00000383   0xe4  Code  Gb  Lab5_Inits.o [1]
ADC_value               0x20000000    0x4  Data  Gb  Lab5.o [1]
CSTACK$$Base            0x20000008          --   Gb  - Linker created -
CSTACK$$Limit           0x20008008          --   Gb  - Linker created -
PLL_Init                0x00000209  0x17a  Code  Gb  Lab5_Inits.o [1]
PWM_Init                0x000004b7   0xee  Code  Gb  Lab5_Inits.o [1]
Region$$Table$$Base     0x000010b8          --   Gb  - Linker created -
Region$$Table$$Limit    0x000010c8          --   Gb  - Linker created -
TimerADCTriger_Init     0x00000467   0x50  Code  Gb  Lab5_Inits.o [1]
__aeabi_d2f             0x00000fc5         Code  Gb  DblToFlt.o [4]
__aeabi_d2uiz           0x00000f81         Code  Gb  DblToU32.o [4]
__aeabi_dadd            0x00000da1         Code  Gb  DblAdd.o [4]
__aeabi_ddiv            0x0000065d         Code  Gb  DblDiv.o [4]
__aeabi_dmul            0x00000b19         Code  Gb  DblMul.o [4]
__aeabi_dsub            0x00000cbd         Code  Gb  DblSub.o [4]
__aeabi_f2d             0x00000ad1         Code  Gb  FltToDbl.o [4]
__aeabi_ui2d            0x00000fa9         Code  Gb  U32ToDbl.o [4]
__cmain                 0x000010cd         Code  Gb  cmain.o [5]
__exit                  0x000010fd   0x14  Code  Gb  exit.o [6]
__iar_dadd              0x00000ccd         Code  Gb  DblSub.o [4]
__iar_data_init3        0x0000106d   0x28  Code  Gb  data_init.o [5]
__iar_dsub              0x00000db1         Code  Gb  DblAdd.o [4]
__iar_dsubStart         0x00000dc3         Code  Gb  DblAdd.o [4]
__iar_floor64           0x00000f29         Code  Gb  floor.o [4]
__iar_init_vfp          0x00001095         Code  Gb  fpinit_M.o [4]
__iar_program_start     0x00001111   0x10  Code  Gb  cstartup_M.o [1]
__iar_systems$$module {Abs}
                        0x00000001         Data  Gb  command line/config [2]
__iar_vfp___iar_floor64
                        0x00000f19         Code  Gb  floor.o [4]
__iar_vfp_floor         0x00000f19         Code  Gb  floor.o [4]
__iar_vfp_floorl        0x00000f19         Code  Gb  floor.o [4]
__iar_zero_init3        0x0000102d   0x40  Code  Gb  zero_init3.o [5]
__low_level_init        0x000010e7    0x4  Code  Gb  low_level_init.o [3]
__vector_table          0x00000000  0x208  Data  Gb  cstartup_M.o [1]
_call_main              0x000010d9         Code  Gb  cmain.o [5]
_exit                   0x000010f1         Code  Gb  cexit.o [5]
_main                   0x000010e3         Code  Gb  cmain.o [5]
exit                    0x000010eb    0x4  Code  Gb  exit.o [3]
floor                   0x00000f29         Code  Gb  floor.o [4]
floorl                  0x00000f29         Code  Gb  floor.o [4]
main                    0x000008a5  0x1c4  Code  Gb  Lab5.o [1]


[1] = C:\ee474labs\lab5\Debug\Obj
[2] = command line
[3] = dl7M_tln.a
[4] = m7M_tls.a
[5] = rt7M_tl.a
[6] = shb_l.a

   3 850 bytes of readonly  code memory
     538 bytes of readonly  data memory
  32 772 bytes of readwrite data memory

Errors: none
Warnings: none
