###############################################################################
#
# IAR ELF Linker V8.11.3.13950/W32 for ARM                06/Jul/2021  22:00:48
# Copyright 2007-2017 IAR Systems AB.
#
#    Output file  =  C:\ee474labs\lab1\task2\Debug\Exe\task2.out
#    Map file     =  C:\ee474labs\lab1\task2\Debug\List\task2.map
#    Command line =  
#        -f C:\Users\Study\AppData\Local\Temp\EW58BA.tmp
#        (C:\ee474labs\lab1\task2\Debug\Obj\main.o -o
#        C:\ee474labs\lab1\task2\Debug\Exe\task2.out --redirect
#        _Printf=_PrintfFullNoMb --redirect _Scanf=_ScanfFullNoMb --map
#        C:\ee474labs\lab1\task2\Debug\List\task2.map --config "C:\Program
#        Files (x86)\IAR Systems\Embedded Workbench
#        8.0\arm\config\linker\TexasInstruments\TM4C1294NC.icf" --semihosting
#        --entry __iar_program_start --vfe --text_out locale)
#
###############################################################################

*******************************************************************************
*** RUNTIME MODEL ATTRIBUTES
***

CppFlavor       = *
__SystemLibrary = DLib
__dlib_version  = 6


*******************************************************************************
*** HEAP SELECTION
***

The basic heap was selected because some modules are built with
size limitations (and not runtime checking), and --advanced_heap
was not specified.


*******************************************************************************
*** PLACEMENT SUMMARY
***

"A0":  place at 0x00000000 { ro section .intvec };
"P1":  place in [from 0x00000000 to 0x000fffff] { ro };
define block CSTACK with size = 32K, alignment = 8 { };
define block HEAP with size = 64K, alignment = 8 { };
"P2":  place in [from 0x20000000 to 0x2003ffff] {
          rw, block CSTACK, block HEAP };

  Section          Kind        Address    Size  Object
  -------          ----        -------    ----  ------
"A0":                                     0x40
  .intvec          ro code  0x00000000    0x40  vector_table_M.o [5]
                          - 0x00000040    0x40

"P1":                                    0x3d4
  .text            ro code  0x00000040   0x2e4  main.o [1]
  .text            ro code  0x00000324    0x40  zero_init3.o [5]
  .text            ro code  0x00000364    0x28  data_init.o [5]
  .text            ro code  0x0000038c    0x22  fpinit_M.o [4]
  .iar.init_table  const    0x000003b0    0x10  - Linker created -
  .text            ro code  0x000003c0     0x2  vector_table_M.o [5]
  .text            ro code  0x000003c4    0x1a  cmain.o [5]
  .text            ro code  0x000003de     0x4  low_level_init.o [3]
  .text            ro code  0x000003e2     0x4  exit.o [3]
  .text            ro code  0x000003e8     0xa  cexit.o [5]
  .text            ro code  0x000003f4    0x14  exit.o [6]
  .text            ro code  0x00000408     0xc  cstartup_M.o [5]
  .rodata          const    0x00000414     0x0  zero_init3.o [5]
                          - 0x00000414   0x3d4

"P2", part 1 of 2:                         0x4
  .bss             zero     0x20000000     0x1  main.o [1]
                          - 0x20000001     0x1

"P2", part 2 of 2:                      0x8000
  CSTACK                    0x20000008  0x8000  <Block>
    CSTACK         uninit   0x20000008  0x8000  <Block tail>
                          - 0x20008008  0x8000


*******************************************************************************
*** INIT TABLE
***

          Address     Size
          -------     ----
Zero (__iar_zero_init3)
    1 destination range, total size 0x1:
          0x20000000   0x1



*******************************************************************************
*** MODULE SUMMARY
***

    Module            ro code  ro data  rw data
    ------            -------  -------  -------
C:\ee474labs\lab1\task2\Debug\Obj: [1]
    main.o                740                 1
    -------------------------------------------
    Total:                740                 1

command line: [2]
    -------------------------------------------
    Total:

dl7M_tln.a: [3]
    exit.o                  4
    low_level_init.o        4
    -------------------------------------------
    Total:                  8

m7M_tls.a: [4]
    fpinit_M.o             34
    -------------------------------------------
    Total:                 34

rt7M_tl.a: [5]
    cexit.o                10
    cmain.o                26
    cstartup_M.o           12
    data_init.o            40
    vector_table_M.o       66
    zero_init3.o           64
    -------------------------------------------
    Total:                218

shb_l.a: [6]
    exit.o                 20
    -------------------------------------------
    Total:                 20

    Gaps                    6        2
    Linker created                  16   32 768
-----------------------------------------------
    Grand Total:        1 026       18   32 769


*******************************************************************************
*** ENTRY LIST
***

Entry                      Address   Size  Type      Object
-----                      -------   ----  ----      ------
.iar.init_table$$Base   0x000003b0          --   Gb  - Linker created -
.iar.init_table$$Limit  0x000003c0          --   Gb  - Linker created -
?main                   0x000003c5         Code  Gb  cmain.o [5]
CSTACK$$Base            0x20000008          --   Gb  - Linker created -
CSTACK$$Limit           0x20008008          --   Gb  - Linker created -
GetButton               0x000001f9   0x14  Code  Gb  main.o [1]
GreenInit               0x000002a9   0x32  Code  Gb  main.o [1]
GreenOff                0x000002e9    0xe  Code  Gb  main.o [1]
GreenOn                 0x000002db    0xe  Code  Gb  main.o [1]
Init                    0x0000017d   0x18  Code  Gb  main.o [1]
Interval                0x000002f7    0xe  Code  Gb  main.o [1]
PedInit                 0x000001c7   0x32  Code  Gb  main.o [1]
RedInit                 0x0000020d   0x32  Code  Gb  main.o [1]
RedOff                  0x0000024d    0xe  Code  Gb  main.o [1]
RedOn                   0x0000023f    0xe  Code  Gb  main.o [1]
Region$$Table$$Base     0x000003b0          --   Gb  - Linker created -
Region$$Table$$Limit    0x000003c0          --   Gb  - Linker created -
SysInit                 0x00000195   0x32  Code  Gb  main.o [1]
TL_State                0x20000000    0x1  Data  Gb  main.o [1]
YellowInit              0x0000025b   0x32  Code  Gb  main.o [1]
YellowOff               0x0000029b    0xe  Code  Gb  main.o [1]
YellowOn                0x0000028d    0xe  Code  Gb  main.o [1]
__cmain                 0x000003c5         Code  Gb  cmain.o [5]
__exit                  0x000003f5   0x14  Code  Gb  exit.o [6]
__iar_data_init3        0x00000365   0x28  Code  Gb  data_init.o [5]
__iar_init_vfp          0x0000038d         Code  Gb  fpinit_M.o [4]
__iar_program_start     0x00000409         Code  Gb  cstartup_M.o [5]
__iar_systems$$module {Abs}
                        0x00000001         Data  Gb  command line/config [2]
__iar_zero_init3        0x00000325   0x40  Code  Gb  zero_init3.o [5]
__low_level_init        0x000003df    0x4  Code  Gb  low_level_init.o [3]
__vector_table          0x00000000         Data  Gb  vector_table_M.o [5]
_call_main              0x000003d1         Code  Gb  cmain.o [5]
_exit                   0x000003e9         Code  Gb  cexit.o [5]
_main                   0x000003db         Code  Gb  cmain.o [5]
exit                    0x000003e3    0x4  Code  Gb  exit.o [3]
main                    0x00000041  0x13c  Code  Gb  main.o [1]


[1] = C:\ee474labs\lab1\task2\Debug\Obj
[2] = command line
[3] = dl7M_tln.a
[4] = m7M_tls.a
[5] = rt7M_tl.a
[6] = shb_l.a

   1 026 bytes of readonly  code memory
      18 bytes of readonly  data memory
  32 769 bytes of readwrite data memory

Errors: none
Warnings: none
