###############################################################################
#
# IAR ELF Linker V8.11.3.13950/W32 for ARM                22/Jul/2021  21:10:45
# Copyright 2007-2017 IAR Systems AB.
#
#    Output file  =  C:\ee474labs\lab3\task1b\Debug\Exe\task1b.out
#    Map file     =  C:\ee474labs\lab3\task1b\Debug\List\task1b.map
#    Command line =  
#        -f C:\Users\Study\AppData\Local\Temp\EWB895.tmp
#        (C:\ee474labs\lab3\task1b\Debug\Obj\cstartup_M.o
#        C:\ee474labs\lab3\task1b\Debug\Obj\Lab3_Inits.o
#        C:\ee474labs\lab3\task1b\Debug\Obj\Lab3_Task1b.o -o
#        C:\ee474labs\lab3\task1b\Debug\Exe\task1b.out --redirect
#        _Printf=_PrintfFullNoMb --redirect _Scanf=_ScanfFullNoMb --map
#        C:\ee474labs\lab3\task1b\Debug\List\task1b.map --config "C:\Program
#        Files (x86)\IAR Systems\Embedded Workbench
#        8.0\arm\config\linker\TexasInstruments\TM4C1294NC.icf" --semihosting
#        --entry __iar_program_start --vfe --text_out locale)
#
###############################################################################

*******************************************************************************
*** RUNTIME MODEL ATTRIBUTES
***

CppFlavor       = *
__Heap_Handler  = Basic
__SystemLibrary = DLib
__dlib_version  = 6


*******************************************************************************
*** HEAP SELECTION
***

The basic heap was selected because some modules are built with
size limitations (and not runtime checking), and --advanced_heap
was not specified.


*******************************************************************************
*** PLACEMENT SUMMARY
***

"A0":  place at 0x00000000 { ro section .intvec };
"P1":  place in [from 0x00000000 to 0x000fffff] { ro };
define block CSTACK with size = 32K, alignment = 8 { };
define block HEAP with size = 64K, alignment = 8 { };
"P2":  place in [from 0x20000000 to 0x2003ffff] {
          rw, block CSTACK, block HEAP };
initialize by copy { rw };

  Section            Kind        Address     Size  Object
  -------            ----        -------     ----  ------
"A0":                                       0x110
  .intvec            const    0x00000000    0x110  cstartup_M.o [1]
                            - 0x00000110    0x110

"P1":                                      0x27d5
  .text              ro code  0x00000110    0xe0e  xprintffull_nomb.o [3]
  .text              ro code  0x00000f1e     0x7a  lz77_init_single.o [5]
  .text              ro code  0x00000f98     0x16  strchr.o [5]
  .text              ro code  0x00000fae      0x2  cstartup_M.o [1]
  .text              ro code  0x00000fb0     0x44  xfail_s.o [3]
  .text              ro code  0x00000ff4     0x36  strlen.o [5]
  .text              ro code  0x0000102a      0x2  cstartup_M.o [1]
  .text              ro code  0x0000102c     0x58  memchr.o [5]
  .text              ro code  0x00001084     0xee  I64DivMod.o [5]
  .text              ro code  0x00001172      0x2  cstartup_M.o [1]
  .text              ro code  0x00001174    0x1a2  DblMul.o [4]
  .text              ro code  0x00001316      0x2  cstartup_M.o [1]
  .text              ro code  0x00001318     0x76  ABImemcpy_unaligned.o [5]
  .text              ro code  0x0000138e      0x2  cstartup_M.o [1]
  .text              ro code  0x00001390     0x70  frexp.o [4]
  .text              ro code  0x00001400     0x2e  DblCmpLe.o [4]
  .text              ro code  0x0000142e      0x2  cstartup_M.o [1]
  .text              ro code  0x00001430     0x2e  DblCmpGe.o [4]
  .text              ro code  0x0000145e      0x2  cstartup_M.o [1]
  .text              ro code  0x00001460    0x13a  ldexp.o [4]
  .text              ro code  0x0000159a      0x2  cstartup_M.o [1]
  .text              ro code  0x0000159c     0x3a  DblToS32.o [4]
  .text              ro code  0x000015d6      0x2  cstartup_M.o [1]
  .text              ro code  0x000015d8     0x22  S32ToDbl.o [4]
  .text              ro code  0x000015fc     0xe2  DblSub.o [4]
  .text              ro code  0x000016e0    0x246  DblDiv.o [4]
  .text              ro code  0x00001928     0x28  DblToU32.o [4]
  .text              ro code  0x00001950     0x1a  U32ToDbl.o [4]
  .text              ro code  0x0000196c      0x8  xlocale_c.o [3]
  .text              ro code  0x00001974      0x6  abort.o [3]
  .text              ro code  0x0000197c      0x2  I64DivZer.o [5]
  .text              ro code  0x00001980    0x168  DblAdd.o [4]
  .text              ro code  0x00001ae8     0x14  exit.o [6]
  .text              ro code  0x00001afc     0x68  iarttio.o [6]
  .text              ro code  0x00001b64      0x8  XShttio.o [3]
  .text              ro code  0x00001b6c    0x33c  Lab3_Inits.o [1]
  .text              ro code  0x00001ea8    0x144  heap0.o [3]
  .text              ro code  0x00001fec     0x2c  xgetmemchunk.o [3]
  .text              ro code  0x00002018     0xd8  xfspos.o [3]
  .text              ro code  0x000020f0     0xac  fflush.o [3]
  .text              ro code  0x0000219c      0xc  xfgpos.o [3]
  .text              ro code  0x000021a8     0x4c  lseek.o [6]
  .text              ro code  0x000021f4     0x10  write.o [6]
  .text              ro code  0x00002204     0xcc  XShHandles.o [3]
  .text              ro code  0x000022d0     0x1e  dwrite.o [6]
  .text              ro code  0x000022ee     0x20  iarwstd.o [6]
  .text              ro code  0x0000230e     0x22  iarwrite.o [6]
  .text              ro code  0x00002330     0xc4  Lab3_Task1b.o [1]
  .text              ro code  0x000023f4     0x68  DblToFlt.o [4]
  .text              ro code  0x0000245c     0x48  FltToDbl.o [4]
  .text              ro code  0x000024a4     0x28  printf.o [3]
  .text              ro code  0x000024cc     0xb4  xfwprep.o [3]
  .text              ro code  0x00002580     0x24  fseek.o [3]
  .text              ro code  0x000025a4     0x7e  fclose.o [3]
  .text              ro code  0x00002624     0x7c  xfofind.o [3]
  .text              ro code  0x000026a0      0x4  heaptramp0.o [3]
  .text              ro code  0x000026a4     0x1a  close.o [6]
  .text              ro code  0x000026be     0x16  remove.o [6]
  .text              ro code  0x000026d4     0x56  fputc.o [3]
  .text              ro code  0x0000272a     0x40  zero_init3.o [5]
  .text              ro code  0x0000276c     0x3c  xcloseall.o [3]
  .text              ro code  0x000027a8     0x28  data_init.o [5]
  .text              ro code  0x000027d0     0x22  fpinit_M.o [4]
  .iar.init_table    const    0x000027f4     0x20  - Linker created -
  .text              ro code  0x00002814     0x1a  cmain.o [5]
  .text              ro code  0x0000282e      0x4  low_level_init.o [3]
  .text              ro code  0x00002832      0x4  exit.o [3]
  .text              ro code  0x00002838      0xe  cexit.o [5]
  .text              ro code  0x00002846     0x16  xprout.o [3]
  .text              ro code  0x0000285c      0xc  putchar.o [3]
  .text              ro code  0x00002868     0x10  cstartup_M.o [1]
  .rodata            const    0x00002878      0x4  xlocale_c.o [3]
  .text              ro code  0x0000287c      0x0  cstart_closeall.o [5]
  .rodata            const    0x0000287c      0x0  zero_init3.o [5]
  .rodata            const    0x0000287c      0x0  lz77_init_single.o [5]
  Initializer bytes  const    0x0000287c     0x69  <for P2-1>
                            - 0x000028e5   0x27d5

"P2", part 1 of 3:                          0x138
  P2-1                        0x20000000    0x138  <Init block>
    .data            inited   0x20000000     0x38  xlocale_c.o [3]
    .data            inited   0x20000038     0x48  xfiles.o [3]
    .data            inited   0x20000080     0x48  xfiles.o [3]
    .data            inited   0x200000c8     0x48  xfiles.o [3]
    .data            inited   0x20000110     0x20  xfiles.o [3]
    .data            inited   0x20000130      0x8  XShttio.o [3]
                            - 0x20000138    0x138

"P2", part 2 of 3:                          0x134
  .bss               zero     0x20000138     0x80  XShHandles.o [3]
  .bss               zero     0x200001b8     0x50  xfiles.o [3]
  .bss               zero     0x20000208     0x50  xfiles.o [3]
  .bss               zero     0x20000258      0x8  heap0.o [3]
  .bss               zero     0x20000260      0x4  Lab3_Task1b.o [1]
  .bss               zero     0x20000264      0x4  xfail_s.o [3]
  .bss               zero     0x20000268      0x4  xgetmemchunk.o [3]
                            - 0x2000026c    0x134

"P2", part 3 of 3:                        0x18000
  CSTACK                      0x20000270   0x8000  <Block>
    CSTACK           uninit   0x20000270   0x8000  <Block tail>
  HEAP                        0x20008270  0x10000  <Block>
    HEAP             uninit   0x20008270  0x10000  <Block tail>
                            - 0x20018270  0x18000


*******************************************************************************
*** INIT TABLE
***

          Address     Size
          -------     ----
Zero (__iar_zero_init3)
    1 destination range, total size 0x134:
          0x20000138  0x134

Copy/lz77 (__iar_lz77_init_single3)
    1 source range, total size 0x69 (33% of destination):
          0x0000287c   0x69
    1 destination range, total size 0x138:
          0x20000000  0x138



*******************************************************************************
*** MODULE SUMMARY
***

    Module                 ro code  ro data  rw data
    ------                 -------  -------  -------
C:\ee474labs\lab3\task1b\Debug\Obj: [1]
    Lab3_Inits.o               828
    Lab3_Task1b.o              196                 4
    cstartup_M.o                34      272
    ------------------------------------------------
    Total:                   1 058      272        4

command line: [2]
    ------------------------------------------------
    Total:

dl7M_tlf.a: [3]
    XShHandles.o               204               128
    XShttio.o                    8        3        8
    abort.o                      6
    exit.o                       4
    fclose.o                   126
    fflush.o                   172
    fputc.o                     86
    fseek.o                     36
    heap0.o                    324                 8
    heaptramp0.o                 4
    low_level_init.o             4
    printf.o                    40
    putchar.o                   12
    xcloseall.o                 60
    xfail_s.o                   68                 4
    xfgpos.o                    12
    xfiles.o                             84      408
    xfofind.o                  124
    xfspos.o                   216
    xfwprep.o                  180
    xgetmemchunk.o              44                 4
    xlocale_c.o                  8       22       56
    xprintffull_nomb.o       3 598
    xprout.o                    22
    ------------------------------------------------
    Total:                   5 358      109      616

m7M_tls.a: [4]
    DblAdd.o                   360
    DblCmpGe.o                  46
    DblCmpLe.o                  46
    DblDiv.o                   582
    DblMul.o                   418
    DblSub.o                   226
    DblToFlt.o                 104
    DblToS32.o                  58
    DblToU32.o                  40
    FltToDbl.o                  72
    S32ToDbl.o                  34
    U32ToDbl.o                  26
    fpinit_M.o                  34
    frexp.o                    112
    ldexp.o                    314
    ------------------------------------------------
    Total:                   2 472

rt7M_tl.a: [5]
    ABImemcpy_unaligned.o      118
    I64DivMod.o                238
    I64DivZer.o                  2
    cexit.o                     14
    cmain.o                     26
    cstart_closeall.o
    data_init.o                 40
    lz77_init_single.o         122
    memchr.o                    88
    strchr.o                    22
    strlen.o                    54
    zero_init3.o                64
    ------------------------------------------------
    Total:                     788

shb_l.a: [6]
    close.o                     26
    dwrite.o                    30
    exit.o                      20
    iarttio.o                  104
    iarwrite.o                  34
    iarwstd.o                   32
    lseek.o                     76
    remove.o                    22
    write.o                     16
    ------------------------------------------------
    Total:                     360

    Gaps                        18        2
    Linker created                       32   98 304
----------------------------------------------------
    Grand Total:            10 054      415   98 924


*******************************************************************************
*** ENTRY LIST
***

Entry                      Address   Size  Type      Object
-----                      -------   ----  ----      ------
.iar.init_table$$Base   0x000027f4          --   Gb  - Linker created -
.iar.init_table$$Limit  0x00002814          --   Gb  - Linker created -
?main                   0x00002815         Code  Gb  cmain.o [5]
ADC0SS3_Handler         0x00002387   0x1a  Code  Gb  Lab3_Task1b.o [1]
ADCReadPot_Init         0x00001d45   0x88  Code  Gb  Lab3_Inits.o [1]
ADC_value               0x20000260    0x4  Data  Gb  Lab3_Task1b.o [1]
Aldata                  0x20000258    0x8  Data  Lc  heap0.o [3]
CSTACK$$Base            0x20000270          --   Gb  - Linker created -
CSTACK$$Limit           0x20008270          --   Gb  - Linker created -
HEAP$$Base              0x20008270          --   Gb  - Linker created -
HEAP$$Limit             0x20018270          --   Gb  - Linker created -
LoadInt                 0x000002af   0x7a  Code  Lc  xprintffull_nomb.o [3]
PLL_Init                0x00001b6d  0x150  Code  Gb  Lab3_Inits.o [1]
PortJ_Handler           0x000023a1   0x2e  Code  Gb  Lab3_Task1b.o [1]
Region$$Table$$Base     0x000027f4          --   Gb  - Linker created -
Region$$Table$$Limit    0x00002814          --   Gb  - Linker created -
SW_Init                 0x00001cbd   0x88  Code  Gb  Lab3_Inits.o [1]
TimerADCTriger_Init     0x00001dcd   0x56  Code  Gb  Lab3_Inits.o [1]
_Close_all              0x0000276d   0x3c  Code  Gb  xcloseall.o [3]
_Files                  0x20000110   0x20  Data  Gb  xfiles.o [3]
_Fofree                 0x00002625   0x78  Code  Gb  xfofind.o [3]
_Fspos                  0x00002019   0xd8  Code  Gb  xfspos.o [3]
_Fwprep                 0x000024cd   0xb4  Code  Gb  xfwprep.o [3]
_GenldFullNoMb          0x00000c13  0x27e  Code  Lc  xprintffull_nomb.o [3]
_LdtobFullNoMb          0x000007f7  0x3f0  Code  Lc  xprintffull_nomb.o [3]
_LitobFullNoMb          0x0000069b  0x116  Code  Lc  xprintffull_nomb.o [3]
_Locale_lconv           0x20000000   0x38  Data  Lc  xlocale_c.o [3]
_Nnl                    0x0000219d    0xc  Code  Gb  xfgpos.o [3]
_PrintfFullNoMb         0x00000111  0x190  Code  Gb  xprintffull_nomb.o [3]
_Prout                  0x00002847   0x16  Code  Gb  xprout.o [3]
_PutcharsFullNoMb       0x00000e91   0x2e  Code  Lc  xprintffull_nomb.o [3]
_PutfldFullNoMb         0x00000329  0x264  Code  Lc  xprintffull_nomb.o [3]
_PuttxtFullNoMb         0x0000058d  0x10e  Code  Lc  xprintffull_nomb.o [3]
__aeabi_cdcmple         0x00001401         Code  Gb  DblCmpLe.o [4]
__aeabi_cdrcmple        0x00001431         Code  Gb  DblCmpGe.o [4]
__aeabi_d2f             0x000023f5         Code  Gb  DblToFlt.o [4]
__aeabi_d2iz            0x0000159d         Code  Gb  DblToS32.o [4]
__aeabi_d2uiz           0x00001929         Code  Gb  DblToU32.o [4]
__aeabi_ddiv            0x000016e1         Code  Gb  DblDiv.o [4]
__aeabi_dmul            0x00001175         Code  Gb  DblMul.o [4]
__aeabi_dsub            0x000015fd         Code  Gb  DblSub.o [4]
__aeabi_f2d             0x0000245d         Code  Gb  FltToDbl.o [4]
__aeabi_i2d             0x000015d9         Code  Gb  S32ToDbl.o [4]
__aeabi_ldiv0           0x0000197d         Code  Gb  I64DivZer.o [5]
__aeabi_ui2d            0x00001951         Code  Gb  U32ToDbl.o [4]
__aeabi_uldivmod        0x00001085         Code  Gb  I64DivMod.o [5]
__basic_free            0x00001f57   0x16  Code  Gb  heap0.o [3]
__basic_free_intern     0x00001f6d   0x7a  Code  Lc  heap0.o [3]
__basic_malloc          0x00001ea9   0x18  Code  Gb  heap0.o [3]
__basic_malloc_intern   0x00001ec1   0x96  Code  Lc  heap0.o [3]
__cexit_closeall        0x0000283b         Code  Gb  cexit.o [5]
__close                 0x000026a5   0x1a  Code  Gb  close.o [6]
__cmain                 0x00002815         Code  Gb  cmain.o [5]
__cstart_closeall       0x0000287c         Data  Gb  cstart_closeall.o [5]
__data_GetMemChunk      0x00001fed   0x2c  Code  Gb  xgetmemchunk.o [3]
__data_GetMemChunk::start
                        0x20000268    0x4  Data  Lc  xgetmemchunk.o [3]
__dwrite                0x000022d1   0x1e  Code  Gb  dwrite.o [6]
__exit                  0x00001ae9   0x14  Code  Gb  exit.o [6]
__iar_Fail_s            0x00000fb1   0x1e  Code  Gb  xfail_s.o [3]
__iar_Memchr            0x0000102d         Code  Gb  memchr.o [5]
__iar_Stderr            0x200000c8   0x48  Data  Gb  xfiles.o [3]
__iar_Stdin             0x20000038   0x48  Data  Gb  xfiles.o [3]
__iar_Stdout            0x20000080   0x48  Data  Gb  xfiles.o [3]
__iar_Strchr            0x00000f99         Code  Gb  strchr.o [5]
__iar_close_ttio        0x00001afd   0x2c  Code  Gb  iarttio.o [6]
__iar_dadd              0x0000160d         Code  Gb  DblSub.o [4]
__iar_data_init3        0x000027a9   0x28  Code  Gb  data_init.o [5]
__iar_dsub              0x00001981         Code  Gb  DblAdd.o [4]
__iar_dsubStart         0x00001993         Code  Gb  DblAdd.o [4]
__iar_frexp             0x0000139d         Code  Gb  frexp.o [4]
__iar_frexpl            0x0000139d         Code  Gb  frexp.o [4]
__iar_get_ttio          0x00001b29   0x38  Code  Gb  iarttio.o [6]
__iar_init_vfp          0x000027d1         Code  Gb  fpinit_M.o [4]
__iar_ldexp64           0x00001461         Code  Gb  ldexp.o [4]
__iar_lookup_ttioh      0x00001b65    0x8  Code  Gb  XShttio.o [3]
__iar_lz77_init_single3
                        0x00000f1f   0x7a  Code  Gb  lz77_init_single.o [5]
__iar_program_start     0x00002869   0x10  Code  Gb  cstartup_M.o [1]
__iar_scalbln64         0x00001461         Code  Gb  ldexp.o [4]
__iar_scalbn64          0x00001461         Code  Gb  ldexp.o [4]
__iar_sh_Discard        0x00002205   0x42  Code  Gb  XShHandles.o [3]
__iar_sh_Move           0x00002247   0x46  Code  Gb  XShHandles.o [3]
__iar_sh_Pos            0x0000228d   0x3e  Code  Gb  XShHandles.o [3]
__iar_sh_stdout         0x000022ef   0x20  Code  Gb  iarwstd.o [6]
__iar_sh_write          0x0000230f   0x22  Code  Gb  iarwrite.o [6]
__iar_softfp___iar_frexp64
                        0x00001391         Code  Gb  frexp.o [4]
__iar_softfp_frexp      0x00001391         Code  Gb  frexp.o [4]
__iar_softfp_frexpl     0x00001391         Code  Gb  frexp.o [4]
__iar_systems$$module {Abs}
                        0x00000001         Data  Gb  command line/config [2]
__iar_ttio_handles      0x20000130    0x8  Data  Lc  XShttio.o [3]
__iar_unaligned_memcpy  0x00001319         Code  Gb  ABImemcpy_unaligned.o [5]
__iar_unaligned_memcpy4
                        0x00001339         Code  Gb  ABImemcpy_unaligned.o [5]
__iar_unaligned_memcpy8
                        0x00001339         Code  Gb  ABImemcpy_unaligned.o [5]
__iar_zero_init3        0x0000272b   0x40  Code  Gb  zero_init3.o [5]
__low_level_init        0x0000282f    0x4  Code  Gb  low_level_init.o [3]
__lseek                 0x000021a9   0x4c  Code  Gb  lseek.o [6]
__vector_table          0x00000000  0x110  Data  Gb  cstartup_M.o [1]
__write                 0x000021f5   0x10  Code  Gb  write.o [6]
_call_main              0x00002821         Code  Gb  cmain.o [5]
_exit                   0x00002839         Code  Gb  cexit.o [5]
_main                   0x0000282b         Code  Gb  cmain.o [5]
abort                   0x00001975    0x6  Code  Gb  abort.o [3]
ebuf                    0x200001b8   0x50  Data  Lc  xfiles.o [3]
exit                    0x00002833    0x4  Code  Gb  exit.o [3]
fclose                  0x000025a5   0x7e  Code  Gb  fclose.o [3]
fflush                  0x00002165   0x34  Code  Gb  fflush.o [3]
fflushOne               0x000020f1   0x74  Code  Lc  fflush.o [3]
fputc                   0x000026d5   0x56  Code  Gb  fputc.o [3]
free                    0x000026a1    0x4  Code  Gb  heaptramp0.o [3]
fseek                   0x00002581   0x24  Code  Gb  fseek.o [3]
ldexp                   0x00001461         Code  Gb  ldexp.o [4]
ldexpl                  0x00001461         Code  Gb  ldexp.o [4]
localeconv              0x0000196d    0x4  Code  Gb  xlocale_c.o [3]
main                    0x00002331   0x56  Code  Gb  Lab3_Task1b.o [1]
memchr                  0x0000102d         Code  Gb  memchr.o [5]
obuf                    0x20000208   0x50  Data  Lc  xfiles.o [3]
printf                  0x000024a5   0x28  Code  Gb  printf.o [3]
putchar                 0x0000285d    0xc  Code  Gb  putchar.o [3]
remove                  0x000026bf   0x16  Code  Gb  remove.o [6]
sFileInfo               0x20000138   0x80  Data  Lc  XShHandles.o [3]
scalbln                 0x00001461         Code  Gb  ldexp.o [4]
scalblnl                0x00001461         Code  Gb  ldexp.o [4]
scalbn                  0x00001461         Code  Gb  ldexp.o [4]
scalbnl                 0x00001461         Code  Gb  ldexp.o [4]
scale                   0x000007b1   0x46  Code  Lc  xprintffull_nomb.o [3]
sec_hand                0x20000264    0x4  Data  Lc  xfail_s.o [3]
strchr                  0x00000f99         Code  Gb  strchr.o [5]
strlen                  0x00000ff5         Code  Gb  strlen.o [5]


[1] = C:\ee474labs\lab3\task1b\Debug\Obj
[2] = command line
[3] = dl7M_tlf.a
[4] = m7M_tls.a
[5] = rt7M_tl.a
[6] = shb_l.a

  10 054 bytes of readonly  code memory
     415 bytes of readonly  data memory
  98 924 bytes of readwrite data memory

Errors: none
Warnings: none
