###############################################################################
#
# IAR ELF Linker V8.11.3.13950/W32 for ARM                28/Jul/2021  22:03:46
# Copyright 2007-2017 IAR Systems AB.
#
#    Output file  =  C:\ee474labs\lab4\task1a\Debug\Exe\task1a.out
#    Map file     =  C:\ee474labs\lab4\task1a\Debug\List\task1a.map
#    Command line =  
#        -f C:\Users\Study\AppData\Local\Temp\EWA29B.tmp
#        (C:\ee474labs\lab4\task1a\Debug\Obj\Las4_Task1a.o
#        C:\ee474labs\lab4\task1a\Debug\Obj\SSD2119_Display.o
#        C:\ee474labs\lab4\task1a\Debug\Obj\SSD2119_Touch.o -o
#        C:\ee474labs\lab4\task1a\Debug\Exe\task1a.out --redirect
#        _Printf=_PrintfFullNoMb --redirect _Scanf=_ScanfFullNoMb --map
#        C:\ee474labs\lab4\task1a\Debug\List\task1a.map --config "C:\Program
#        Files (x86)\IAR Systems\Embedded Workbench
#        8.0\arm\config\linker\TexasInstruments\TM4C1294NC.icf" --semihosting
#        --entry __iar_program_start --vfe --text_out locale)
#
###############################################################################

*******************************************************************************
*** RUNTIME MODEL ATTRIBUTES
***

CppFlavor       = *
__SystemLibrary = DLib
__dlib_version  = 6


*******************************************************************************
*** HEAP SELECTION
***

The basic heap was selected because some modules are built with
size limitations (and not runtime checking), and --advanced_heap
was not specified.


*******************************************************************************
*** PLACEMENT SUMMARY
***

"A0":  place at 0x00000000 { ro section .intvec };
"P1":  place in [from 0x00000000 to 0x000fffff] { ro };
define block CSTACK with size = 32K, alignment = 8 { };
define block HEAP with size = 64K, alignment = 8 { };
"P2":  place in [from 0x20000000 to 0x2003ffff] {
          rw, block CSTACK, block HEAP };

  Section          Kind        Address    Size  Object
  -------          ----        -------    ----  ------
"A0":                                     0x40
  .intvec          ro code  0x00000000    0x40  vector_table_M.o [5]
                          - 0x00000040    0x40

"P1":                                    0x8a4
  .text            ro code  0x00000040   0x77c  SSD2119_Display.o [1]
  .text            ro code  0x000007bc    0x40  zero_init3.o [5]
  .text            ro code  0x000007fc    0x28  data_init.o [5]
  .text            ro code  0x00000824    0x22  fpinit_M.o [4]
  .iar.init_table  const    0x00000848    0x10  - Linker created -
  .text            ro code  0x00000858     0x2  vector_table_M.o [5]
  .rodata          const    0x0000085c    0x20  SSD2119_Display.o [1]
  .text            ro code  0x0000087c    0x1a  cmain.o [5]
  .text            ro code  0x00000896     0x4  low_level_init.o [3]
  .text            ro code  0x0000089c    0x18  Las4_Task1a.o [1]
  .text            ro code  0x000008b4     0x4  exit.o [3]
  .text            ro code  0x000008b8     0xa  cexit.o [5]
  .text            ro code  0x000008c4    0x14  exit.o [6]
  .text            ro code  0x000008d8     0xc  cstartup_M.o [5]
  .rodata          const    0x000008e4     0x0  zero_init3.o [5]
                          - 0x000008e4   0x8a4

"P2", part 1 of 2:                         0x8
  .bss             zero     0x20000000     0x2  SSD2119_Display.o [1]
  .bss             zero     0x20000002     0x2  SSD2119_Display.o [1]
  .bss             zero     0x20000004     0x2  SSD2119_Display.o [1]
                          - 0x20000006     0x6

"P2", part 2 of 2:                      0x8000
  CSTACK                    0x20000008  0x8000  <Block>
    CSTACK         uninit   0x20000008  0x8000  <Block tail>
                          - 0x20008008  0x8000


*******************************************************************************
*** INIT TABLE
***

          Address     Size
          -------     ----
Zero (__iar_zero_init3)
    1 destination range, total size 0x6:
          0x20000000   0x6



*******************************************************************************
*** MODULE SUMMARY
***

    Module             ro code  ro data  rw data
    ------             -------  -------  -------
C:\ee474labs\lab4\task1a\Debug\Obj: [1]
    Las4_Task1a.o           24
    SSD2119_Display.o    1 916       32        6
    --------------------------------------------
    Total:               1 940       32        6

command line: [2]
    --------------------------------------------
    Total:

dl7M_tln.a: [3]
    exit.o                   4
    low_level_init.o         4
    --------------------------------------------
    Total:                   8

m7M_tls.a: [4]
    fpinit_M.o              34
    --------------------------------------------
    Total:                  34

rt7M_tl.a: [5]
    cexit.o                 10
    cmain.o                 26
    cstartup_M.o            12
    data_init.o             40
    vector_table_M.o        66
    zero_init3.o            64
    --------------------------------------------
    Total:                 218

shb_l.a: [6]
    exit.o                  20
    --------------------------------------------
    Total:                  20

    Gaps                     4        4
    Linker created                   16   32 768
------------------------------------------------
    Grand Total:         2 224       52   32 774


*******************************************************************************
*** ENTRY LIST
***

Entry                      Address   Size  Type      Object
-----                      -------   ----  ----      ------
.iar.init_table$$Base   0x00000848          --   Gb  - Linker created -
.iar.init_table$$Limit  0x00000858          --   Gb  - Linker created -
?main                   0x0000087d         Code  Gb  cmain.o [5]
CSTACK$$Base            0x20000008          --   Gb  - Linker created -
CSTACK$$Limit           0x20008008          --   Gb  - Linker created -
Color4                  0x0000085c   0x20  Data  Gb  SSD2119_Display.o [1]
LCD_ColorFill           0x00000697   0x16  Code  Gb  SSD2119_Display.o [1]
LCD_DrawFilledRect      0x0000074d   0x60  Code  Gb  SSD2119_Display.o [1]
LCD_GPIOInit            0x00000041  0x19c  Code  Lc  SSD2119_Display.o [1]
LCD_Init                0x000004d5  0x1a2  Code  Gb  SSD2119_Display.o [1]
LCD_SetCursor           0x000006ad    0xe  Code  Gb  SSD2119_Display.o [1]
LCD_SetTextColor        0x000006bb   0x14  Code  Gb  SSD2119_Display.o [1]
LCD_WriteCommand        0x000001dd  0x15a  Code  Lc  SSD2119_Display.o [1]
LCD_WriteData           0x00000337  0x19e  Code  Lc  SSD2119_Display.o [1]
Region$$Table$$Base     0x00000848          --   Gb  - Linker created -
Region$$Table$$Limit    0x00000858          --   Gb  - Linker created -
__cmain                 0x0000087d         Code  Gb  cmain.o [5]
__exit                  0x000008c5   0x14  Code  Gb  exit.o [6]
__iar_data_init3        0x000007fd   0x28  Code  Gb  data_init.o [5]
__iar_init_vfp          0x00000825         Code  Gb  fpinit_M.o [4]
__iar_program_start     0x000008d9         Code  Gb  cstartup_M.o [5]
__iar_systems$$module {Abs}
                        0x00000001         Data  Gb  command line/config [2]
__iar_zero_init3        0x000007bd   0x40  Code  Gb  zero_init3.o [5]
__low_level_init        0x00000897    0x4  Code  Gb  low_level_init.o [3]
__vector_table          0x00000000         Data  Gb  vector_table_M.o [5]
_call_main              0x00000889         Code  Gb  cmain.o [5]
_exit                   0x000008b9         Code  Gb  cexit.o [5]
_main                   0x00000893         Code  Gb  cmain.o [5]
convertColor            0x00000677   0x20  Code  Gb  SSD2119_Display.o [1]
cursorX                 0x20000000    0x2  Data  Gb  SSD2119_Display.o [1]
cursorY                 0x20000002    0x2  Data  Gb  SSD2119_Display.o [1]
exit                    0x000008b5    0x4  Code  Gb  exit.o [3]
main                    0x0000089d   0x18  Code  Gb  Las4_Task1a.o [1]
textColor               0x20000004    0x2  Data  Gb  SSD2119_Display.o [1]


[1] = C:\ee474labs\lab4\task1a\Debug\Obj
[2] = command line
[3] = dl7M_tln.a
[4] = m7M_tls.a
[5] = rt7M_tl.a
[6] = shb_l.a

   2 224 bytes of readonly  code memory
      52 bytes of readonly  data memory
  32 774 bytes of readwrite data memory

Errors: none
Warnings: none
