###############################################################################
#
# IAR ELF Linker V8.11.3.13950/W32 for ARM                14/Jul/2021  17:44:34
# Copyright 2007-2017 IAR Systems AB.
#
#    Output file  =  C:\ee474labs\lab2\task2c\Debug\Exe\task2c.out
#    Map file     =  C:\ee474labs\lab2\task2c\Debug\List\task2c.map
#    Command line =  
#        -f C:\Users\Study\AppData\Local\Temp\EWE1CC.tmp
#        (C:\ee474labs\lab2\task2c\Debug\Obj\cstartup_M.o
#        C:\ee474labs\lab2\task2c\Debug\Obj\main.o -o
#        C:\ee474labs\lab2\task2c\Debug\Exe\task2c.out --redirect
#        _Printf=_PrintfFullNoMb --redirect _Scanf=_ScanfFullNoMb --map
#        C:\ee474labs\lab2\task2c\Debug\List\task2c.map --config "C:\Program
#        Files (x86)\IAR Systems\Embedded Workbench
#        8.0\arm\config\linker\TexasInstruments\TM4C1294NC.icf" --semihosting
#        --entry __iar_program_start --vfe --text_out locale)
#
###############################################################################

*******************************************************************************
*** RUNTIME MODEL ATTRIBUTES
***

CppFlavor       = *
__SystemLibrary = DLib
__dlib_version  = 6


*******************************************************************************
*** HEAP SELECTION
***

The basic heap was selected because some modules are built with
size limitations (and not runtime checking), and --advanced_heap
was not specified.


*******************************************************************************
*** PLACEMENT SUMMARY
***

"A0":  place at 0x00000000 { ro section .intvec };
"P1":  place in [from 0x00000000 to 0x000fffff] { ro };
define block CSTACK with size = 32K, alignment = 8 { };
define block HEAP with size = 64K, alignment = 8 { };
"P2":  place in [from 0x20000000 to 0x2003ffff] {
          rw, block CSTACK, block HEAP };

  Section          Kind        Address    Size  Object
  -------          ----        -------    ----  ------
"A0":                                     0x90
  .intvec          const    0x00000000    0x90  cstartup_M.o [1]
                          - 0x00000090    0x90

"P1":                                    0x564
  .text            ro code  0x00000090   0x464  main.o [1]
  .text            ro code  0x000004f4    0x40  zero_init3.o [5]
  .text            ro code  0x00000534    0x28  data_init.o [5]
  .text            ro code  0x0000055c    0x22  fpinit_M.o [4]
  .iar.init_table  const    0x00000580    0x10  - Linker created -
  .text            ro code  0x00000590     0x2  cstartup_M.o [1]
  .text            ro code  0x00000594    0x1a  cmain.o [5]
  .text            ro code  0x000005ae     0x4  low_level_init.o [3]
  .text            ro code  0x000005b2     0x4  exit.o [3]
  .text            ro code  0x000005b6     0x2  cstartup_M.o [1]
  .text            ro code  0x000005b8     0xa  cexit.o [5]
  .text            ro code  0x000005c2     0x2  cstartup_M.o [1]
  .text            ro code  0x000005c4    0x14  exit.o [6]
  .text            ro code  0x000005d8    0x10  cstartup_M.o [1]
  .text            ro code  0x000005e8     0x2  cstartup_M.o [1]
  .text            ro code  0x000005ea     0x2  cstartup_M.o [1]
  .text            ro code  0x000005ec     0x2  cstartup_M.o [1]
  .text            ro code  0x000005ee     0x2  cstartup_M.o [1]
  .text            ro code  0x000005f0     0x2  cstartup_M.o [1]
  .text            ro code  0x000005f2     0x2  cstartup_M.o [1]
  .rodata          const    0x000005f4     0x0  zero_init3.o [5]
                          - 0x000005f4   0x564

"P2", part 1 of 2:                         0x8
  .bss             zero     0x20000000     0x4  main.o [1]
  .bss             zero     0x20000004     0x1  main.o [1]
                          - 0x20000005     0x5

"P2", part 2 of 2:                      0x8000
  CSTACK                    0x20000008  0x8000  <Block>
    CSTACK         uninit   0x20000008  0x8000  <Block tail>
                          - 0x20008008  0x8000


*******************************************************************************
*** INIT TABLE
***

          Address     Size
          -------     ----
Zero (__iar_zero_init3)
    1 destination range, total size 0x5:
          0x20000000   0x5



*******************************************************************************
*** MODULE SUMMARY
***

    Module            ro code  ro data  rw data
    ------            -------  -------  -------
C:\ee474labs\lab2\task2c\Debug\Obj: [1]
    cstartup_M.o           34      144
    main.o              1 124                 5
    -------------------------------------------
    Total:              1 158      144        5

command line: [2]
    -------------------------------------------
    Total:

dl7M_tln.a: [3]
    exit.o                  4
    low_level_init.o        4
    -------------------------------------------
    Total:                  8

m7M_tls.a: [4]
    fpinit_M.o             34
    -------------------------------------------
    Total:                 34

rt7M_tl.a: [5]
    cexit.o                10
    cmain.o                26
    data_init.o            40
    zero_init3.o           64
    -------------------------------------------
    Total:                140

shb_l.a: [6]
    exit.o                 20
    -------------------------------------------
    Total:                 20

    Gaps                    2        2
    Linker created                  16   32 768
-----------------------------------------------
    Grand Total:        1 362      162   32 773


*******************************************************************************
*** ENTRY LIST
***

Entry                      Address   Size  Type      Object
-----                      -------   ----  ----      ------
.iar.init_table$$Base   0x00000580          --   Gb  - Linker created -
.iar.init_table$$Limit  0x00000590          --   Gb  - Linker created -
?main                   0x00000595         Code  Gb  cmain.o [5]
CSTACK$$Base            0x20000008          --   Gb  - Linker created -
CSTACK$$Limit           0x20008008          --   Gb  - Linker created -
ClearFlagTimer0         0x00000283    0xe  Code  Gb  main.o [1]
ClearFlagTimer1         0x00000291    0xe  Code  Gb  main.o [1]
GetButton               0x00000303   0x48  Code  Gb  main.o [1]
GreenInit               0x000003e7   0x32  Code  Gb  main.o [1]
GreenOff                0x00000427    0xe  Code  Gb  main.o [1]
GreenOn                 0x00000419    0xe  Code  Gb  main.o [1]
Init                    0x000001fd   0x1c  Code  Gb  main.o [1]
Interval                0x00000435   0x4c  Code  Gb  main.o [1]
PedInit                 0x000002d1   0x32  Code  Gb  main.o [1]
RedInit                 0x0000034b   0x32  Code  Gb  main.o [1]
RedOff                  0x0000038b    0xe  Code  Gb  main.o [1]
RedOn                   0x0000037d    0xe  Code  Gb  main.o [1]
Region$$Table$$Base     0x00000580          --   Gb  - Linker created -
Region$$Table$$Limit    0x00000590          --   Gb  - Linker created -
ResetTimer0             0x00000233   0x20  Code  Gb  main.o [1]
ResetTimer1             0x00000253   0x20  Code  Gb  main.o [1]
StartTimer0             0x00000273    0x8  Code  Gb  main.o [1]
StartTimer1             0x0000027b    0x8  Code  Gb  main.o [1]
SysInit                 0x0000029f   0x32  Code  Gb  main.o [1]
TL_State                0x20000004    0x1  Data  Gb  main.o [1]
TimeUp                  0x20000000    0x4  Data  Gb  main.o [1]
Timer0A_Handler         0x00000481   0x12  Code  Gb  main.o [1]
TimerInit               0x00000219   0x1a  Code  Gb  main.o [1]
YellowInit              0x00000399   0x32  Code  Gb  main.o [1]
YellowOff               0x000003d9    0xe  Code  Gb  main.o [1]
YellowOn                0x000003cb    0xe  Code  Gb  main.o [1]
__cmain                 0x00000595         Code  Gb  cmain.o [5]
__exit                  0x000005c5   0x14  Code  Gb  exit.o [6]
__iar_data_init3        0x00000535   0x28  Code  Gb  data_init.o [5]
__iar_init_vfp          0x0000055d         Code  Gb  fpinit_M.o [4]
__iar_program_start     0x000005d9   0x10  Code  Gb  cstartup_M.o [1]
__iar_systems$$module {Abs}
                        0x00000001         Data  Gb  command line/config [2]
__iar_zero_init3        0x000004f5   0x40  Code  Gb  zero_init3.o [5]
__low_level_init        0x000005af    0x4  Code  Gb  low_level_init.o [3]
__vector_table          0x00000000   0x90  Data  Gb  cstartup_M.o [1]
_call_main              0x000005a1         Code  Gb  cmain.o [5]
_exit                   0x000005b9         Code  Gb  cexit.o [5]
_main                   0x000005ab         Code  Gb  cmain.o [5]
exit                    0x000005b3    0x4  Code  Gb  exit.o [3]
main                    0x00000091  0x16c  Code  Gb  main.o [1]


[1] = C:\ee474labs\lab2\task2c\Debug\Obj
[2] = command line
[3] = dl7M_tln.a
[4] = m7M_tls.a
[5] = rt7M_tl.a
[6] = shb_l.a

   1 362 bytes of readonly  code memory
     162 bytes of readonly  data memory
  32 773 bytes of readwrite data memory

Errors: none
Warnings: none
